Component: ARM Compiler 6.14 Tool: armlink [5db06800]

==============================================================================

Section Cross References

    startup_stm32f10x_hd.o(RESET) refers to startup_stm32f10x_hd.o(STACK) for __initial_sp
    startup_stm32f10x_hd.o(RESET) refers to startup_stm32f10x_hd.o(.text) for Reset_Handler
    startup_stm32f10x_hd.o(RESET) refers to stm32f10x_it.o(.text.NMI_Handler) for NMI_Handler
    startup_stm32f10x_hd.o(RESET) refers to stm32f10x_it.o(.text.HardFault_Handler) for HardFault_Handler
    startup_stm32f10x_hd.o(RESET) refers to stm32f10x_it.o(.text.MemManage_Handler) for MemManage_Handler
    startup_stm32f10x_hd.o(RESET) refers to stm32f10x_it.o(.text.BusFault_Handler) for BusFault_Handler
    startup_stm32f10x_hd.o(RESET) refers to stm32f10x_it.o(.text.UsageFault_Handler) for UsageFault_Handler
    startup_stm32f10x_hd.o(RESET) refers to stm32f10x_it.o(.text.SVC_Handler) for SVC_Handler
    startup_stm32f10x_hd.o(RESET) refers to stm32f10x_it.o(.text.DebugMon_Handler) for DebugMon_Handler
    startup_stm32f10x_hd.o(RESET) refers to stm32f10x_it.o(.text.PendSV_Handler) for PendSV_Handler
    startup_stm32f10x_hd.o(RESET) refers to systick_book.o(.text.SysTick_Handler) for SysTick_Handler
    startup_stm32f10x_hd.o(RESET) refers to exit_book.o(.text.EXTI0_IRQHandler) for EXTI0_IRQHandler
    startup_stm32f10x_hd.o(RESET) refers to usart_book.o(.text.USART1_IRQHandler) for USART1_IRQHandler
    startup_stm32f10x_hd.o(RESET) refers to exit_book.o(.text.EXTI15_10_IRQHandler) for EXTI15_10_IRQHandler
    startup_stm32f10x_hd.o(.text) refers to system_stm32f10x.o(.text.SystemInit) for SystemInit
    startup_stm32f10x_hd.o(.text) refers to entry.o(.ARM.Collect$$$$00000000) for __main
    system_stm32f10x.o(.ARM.exidx.text.SystemInit) refers to system_stm32f10x.o(.text.SystemInit) for [Anonymous Symbol]
    system_stm32f10x.o(.text.SystemCoreClockUpdate) refers to system_stm32f10x.o(.data.SystemCoreClock) for SystemCoreClock
    system_stm32f10x.o(.text.SystemCoreClockUpdate) refers to system_stm32f10x.o(.rodata.AHBPrescTable) for AHBPrescTable
    system_stm32f10x.o(.ARM.exidx.text.SystemCoreClockUpdate) refers to system_stm32f10x.o(.text.SystemCoreClockUpdate) for [Anonymous Symbol]
    misc.o(.ARM.exidx.text.NVIC_PriorityGroupConfig) refers to misc.o(.text.NVIC_PriorityGroupConfig) for [Anonymous Symbol]
    misc.o(.ARM.exidx.text.NVIC_Init) refers to misc.o(.text.NVIC_Init) for [Anonymous Symbol]
    misc.o(.ARM.exidx.text.NVIC_SetVectorTable) refers to misc.o(.text.NVIC_SetVectorTable) for [Anonymous Symbol]
    misc.o(.ARM.exidx.text.NVIC_SystemLPConfig) refers to misc.o(.text.NVIC_SystemLPConfig) for [Anonymous Symbol]
    misc.o(.ARM.exidx.text.SysTick_CLKSourceConfig) refers to misc.o(.text.SysTick_CLKSourceConfig) for [Anonymous Symbol]
    stm32f10x_adc.o(.text.ADC_DeInit) refers to stm32f10x_rcc.o(.text.RCC_APB2PeriphResetCmd) for RCC_APB2PeriphResetCmd
    stm32f10x_adc.o(.ARM.exidx.text.ADC_DeInit) refers to stm32f10x_adc.o(.text.ADC_DeInit) for [Anonymous Symbol]
    stm32f10x_adc.o(.ARM.exidx.text.ADC_Init) refers to stm32f10x_adc.o(.text.ADC_Init) for [Anonymous Symbol]
    stm32f10x_adc.o(.ARM.exidx.text.ADC_StructInit) refers to stm32f10x_adc.o(.text.ADC_StructInit) for [Anonymous Symbol]
    stm32f10x_adc.o(.ARM.exidx.text.ADC_Cmd) refers to stm32f10x_adc.o(.text.ADC_Cmd) for [Anonymous Symbol]
    stm32f10x_adc.o(.ARM.exidx.text.ADC_DMACmd) refers to stm32f10x_adc.o(.text.ADC_DMACmd) for [Anonymous Symbol]
    stm32f10x_adc.o(.ARM.exidx.text.ADC_ITConfig) refers to stm32f10x_adc.o(.text.ADC_ITConfig) for [Anonymous Symbol]
    stm32f10x_adc.o(.ARM.exidx.text.ADC_ResetCalibration) refers to stm32f10x_adc.o(.text.ADC_ResetCalibration) for [Anonymous Symbol]
    stm32f10x_adc.o(.ARM.exidx.text.ADC_GetResetCalibrationStatus) refers to stm32f10x_adc.o(.text.ADC_GetResetCalibrationStatus) for [Anonymous Symbol]
    stm32f10x_adc.o(.ARM.exidx.text.ADC_StartCalibration) refers to stm32f10x_adc.o(.text.ADC_StartCalibration) for [Anonymous Symbol]
    stm32f10x_adc.o(.ARM.exidx.text.ADC_GetCalibrationStatus) refers to stm32f10x_adc.o(.text.ADC_GetCalibrationStatus) for [Anonymous Symbol]
    stm32f10x_adc.o(.ARM.exidx.text.ADC_SoftwareStartConvCmd) refers to stm32f10x_adc.o(.text.ADC_SoftwareStartConvCmd) for [Anonymous Symbol]
    stm32f10x_adc.o(.ARM.exidx.text.ADC_GetSoftwareStartConvStatus) refers to stm32f10x_adc.o(.text.ADC_GetSoftwareStartConvStatus) for [Anonymous Symbol]
    stm32f10x_adc.o(.ARM.exidx.text.ADC_DiscModeChannelCountConfig) refers to stm32f10x_adc.o(.text.ADC_DiscModeChannelCountConfig) for [Anonymous Symbol]
    stm32f10x_adc.o(.ARM.exidx.text.ADC_DiscModeCmd) refers to stm32f10x_adc.o(.text.ADC_DiscModeCmd) for [Anonymous Symbol]
    stm32f10x_adc.o(.ARM.exidx.text.ADC_RegularChannelConfig) refers to stm32f10x_adc.o(.text.ADC_RegularChannelConfig) for [Anonymous Symbol]
[...]
    Removing spi_book.o(.text.SPI_Read_Data), (76 bytes).
    Removing spi_book.o(.ARM.exidx.text.SPI_Read_Data), (8 bytes).
    Removing spi_book.o(.text.SPI_Write_Data), (132 bytes).
    Removing spi_book.o(.ARM.exidx.text.SPI_Write_Data), (8 bytes).
    Removing spi_book.o(.text.SPI_BufferWrite_Data), (132 bytes).
    Removing spi_book.o(.ARM.exidx.text.SPI_BufferWrite_Data), (8 bytes).
    Removing spi_book.o(.text.SPI_Flash_PowerDown), (24 bytes).
    Removing spi_book.o(.ARM.exidx.text.SPI_Flash_PowerDown), (8 bytes).
    Removing spi_book.o(.text.SPI_Flash_WAKEUP), (24 bytes).
    Removing spi_book.o(.ARM.exidx.text.SPI_Flash_WAKEUP), (8 bytes).
    Removing spi_book.o(.text.SPI_Show_Data), (60 bytes).
    Removing spi_book.o(.ARM.exidx.text.SPI_Show_Data), (8 bytes).
    Removing spi_book.o(.text.SPI_TIMEOUT_UserCallback), (56 bytes).
    Removing spi_book.o(.ARM.exidx.text.SPI_TIMEOUT_UserCallback), (8 bytes).
    Removing spi_book.o(.data.SPITimeout), (4 bytes).
    Removing fatfs_book.o(.text), (0 bytes).
    Removing fatfs_book.o(.text.FatFs_equipment_flash), (328 bytes).
    Removing fatfs_book.o(.ARM.exidx.text.FatFs_equipment_flash), (8 bytes).
    Removing fatfs_book.o(.text.FatFs_Close_flash), (36 bytes).
    Removing fatfs_book.o(.ARM.exidx.text.FatFs_Close_flash), (8 bytes).
    Removing fatfs_book.o(.text.FatFs_document_Text), (280 bytes).
    Removing fatfs_book.o(.ARM.exidx.text.FatFs_document_Text), (8 bytes).
    Removing fatfs_book.o(.text.FatFs_document_set_content), (244 bytes).
    Removing fatfs_book.o(.ARM.exidx.text.FatFs_document_set_content), (8 bytes).
    Removing fatfs_book.o(.text.file_check), (304 bytes).
    Removing fatfs_book.o(.ARM.exidx.text.file_check), (8 bytes).
    Removing fatfs_book.o(.text.Scan_file_Check), (68 bytes).
    Removing fatfs_book.o(.ARM.exidx.text.Scan_file_Check), (8 bytes).
    Removing fatfs_book.o(.text.scan_file), (184 bytes).
    Removing fatfs_book.o(.ARM.exidx.text.scan_file), (8 bytes).
    Removing fatfs_book.o(.bss.fs), (4144 bytes).
    Removing fatfs_book.o(.rodata.str1.1), (377 bytes).
    Removing fatfs_book.o(.bss.fnew), (4132 bytes).
    Removing fatfs_book.o(.bss.FATFS_buffer), (0 bytes).
    Removing fatfs_book.o(.bss.scan_file.lfn), (511 bytes).
    Removing fatfs_book.o(.bss..L_MergedGlobals), (40 bytes).
    Removing sram_book.o(.text), (0 bytes).
    Removing sram_book.o(.text.SRAM_Test), (276 bytes).
    Removing sram_book.o(.ARM.exidx.text.SRAM_Test), (8 bytes).
    Removing sram_book.o(.text.SRAM_Init), (664 bytes).
    Removing sram_book.o(.ARM.exidx.text.SRAM_Init), (8 bytes).
    Removing sram_book.o(.text.SRAM_Write), (124 bytes).
    Removing sram_book.o(.ARM.exidx.text.SRAM_Write), (8 bytes).
    Removing sram_book.o(.rodata.str1.1), (21 bytes).
    Removing lcd_book.o(.text), (0 bytes).
    Removing lcd_book.o(.ARM.exidx.text.ILI9341_Write_Cmd), (8 bytes).
    Removing lcd_book.o(.ARM.exidx.text.ILI9341_Write_Data), (8 bytes).
    Removing lcd_book.o(.text.ILI9341_Read_Data), (8 bytes).
    Removing lcd_book.o(.ARM.exidx.text.ILI9341_Read_Data), (8 bytes).
    Removing lcd_book.o(.ARM.exidx.text.ILI9341_BackLed_Control), (8 bytes).
    Removing lcd_book.o(.ARM.exidx.text.ILI9341_Rst), (8 bytes).
    Removing lcd_book.o(.ARM.exidx.text.ILI9341_Delay), (8 bytes).
    Removing lcd_book.o(.ARM.exidx.text.ILI9341_GramScan), (8 bytes).
    Removing lcd_book.o(.ARM.exidx.text.ILI9341_Init), (8 bytes).
    Removing lcd_draw_book.o(.text), (0 bytes).
    Removing lcd_draw_book.o(.ARM.exidx.text.ILI9341_OpenWindow), (8 bytes).
    Removing lcd_draw_book.o(.ARM.exidx.text.ILI9341_Clear), (8 bytes).
    Removing lcd_draw_book.o(.ARM.exidx.text.ILI9341_FillColor), (8 bytes).
    Removing lcd_draw_book.o(.ARM.exidx.text.LCD_SetColors), (8 bytes).
    Removing lcd_draw_book.o(.ARM.exidx.text.LCD_SetForeColor), (8 bytes).
    Removing lcd_draw_book.o(.text.LCD_SetBackColor), (12 bytes).
    Removing lcd_draw_book.o(.ARM.exidx.text.LCD_SetBackColor), (8 bytes).
    Removing lcd_draw_book.o(.ARM.exidx.text.ILI9341_SetPointPixel), (8 bytes).
    Removing lcd_draw_book.o(.ARM.exidx.text.ILI9341_DrawLine), (8 bytes).
    Removing lcd_draw_book.o(.ARM.exidx.text.ILI9341_DrawRectangle), (8 bytes).
    Removing lcd_draw_book.o(.ARM.exidx.text.ILI9341_DrawCircle), (8 bytes).
    Removing lcd_draw_book.o(.ARM.exidx.text.LCD_SetFont), (8 bytes).
    Removing lcd_draw_book.o(.ARM.exidx.text.LCD_GetFont), (8 bytes).
    Removing lcd_draw_book.o(.ARM.exidx.text.ILI9341_DispChar_EN), (8 bytes).
    Removing lcd_draw_book.o(.ARM.exidx.text.ILI9341_DispStringLine_EN), (8 bytes).
    Removing lcd_draw_book.o(.text.ILI9341_DispString_EN), (116 bytes).
    Removing lcd_draw_book.o(.ARM.exidx.text.ILI9341_DispString_EN), (8 bytes).
    Removing lcd_draw_book.o(.text.ILI9341_DispString_EN_YDir), (116 bytes).
    Removing lcd_draw_book.o(.ARM.exidx.text.ILI9341_DispString_EN_YDir), (8 bytes).
    Removing lcd_pagehtml_book.o(.text), (0 bytes).
    Removing lcd_pagehtml_book.o(.ARM.exidx.text.Display_Char_test), (8 bytes).
    Removing lcd_pagehtml_book.o(.ARM.exidx.text.fn_Lcd_Page1), (8 bytes).
    Removing diskio.o(.text), (0 bytes).
    Removing diskio.o(.text.disk_status), (28 bytes).
    Removing diskio.o(.ARM.exidx.text.disk_status), (8 bytes).
    Removing diskio.o(.text.disk_initialize), (28 bytes).
    Removing diskio.o(.ARM.exidx.text.disk_initialize), (8 bytes).
    Removing diskio.o(.text.disk_read), (32 bytes).
    Removing diskio.o(.ARM.exidx.text.disk_read), (8 bytes).
    Removing diskio.o(.text.disk_write), (44 bytes).
    Removing diskio.o(.ARM.exidx.text.disk_write), (8 bytes).
    Removing diskio.o(.text.disk_ioctl), (40 bytes).
    Removing diskio.o(.ARM.exidx.text.disk_ioctl), (8 bytes).
    Removing diskio.o(.text.get_fattime), (8 bytes).
    Removing diskio.o(.ARM.exidx.text.get_fattime), (8 bytes).
    Removing ff.o(.text), (0 bytes).
    Removing ff.o(.text.clust2sect), (22 bytes).
    Removing ff.o(.ARM.exidx.text.clust2sect), (8 bytes).
    Removing ff.o(.text.get_fat), (238 bytes).
    Removing ff.o(.ARM.exidx.text.get_fat), (8 bytes).
    Removing ff.o(.text.move_window), (56 bytes).
    Removing ff.o(.ARM.exidx.text.move_window), (8 bytes).
    Removing ff.o(.text.put_fat), (280 bytes).
    Removing ff.o(.ARM.exidx.text.put_fat), (8 bytes).
    Removing ff.o(.text.f_mount), (76 bytes).
    Removing ff.o(.ARM.exidx.text.f_mount), (8 bytes).
    Removing ff.o(.text.get_ldnumber), (66 bytes).
    Removing ff.o(.ARM.exidx.text.get_ldnumber), (8 bytes).
    Removing ff.o(.text.find_volume), (596 bytes).
    Removing ff.o(.ARM.exidx.text.find_volume), (8 bytes).
    Removing ff.o(.text.f_open), (312 bytes).
    Removing ff.o(.ARM.exidx.text.f_open), (8 bytes).
    Removing ff.o(.text.follow_path), (720 bytes).
    Removing ff.o(.ARM.exidx.text.follow_path), (8 bytes).
    Removing ff.o(.text.dir_register), (608 bytes).
    Removing ff.o(.ARM.exidx.text.dir_register), (8 bytes).
    Removing ff.o(.text.ld_clust), (24 bytes).
    Removing ff.o(.ARM.exidx.text.ld_clust), (8 bytes).
    Removing ff.o(.text.st_clust), (12 bytes).
    Removing ff.o(.ARM.exidx.text.st_clust), (8 bytes).
    Removing ff.o(.text.remove_chain), (86 bytes).
    Removing ff.o(.ARM.exidx.text.remove_chain), (8 bytes).
    Removing ff.o(.text.f_read), (350 bytes).
    Removing ff.o(.ARM.exidx.text.f_read), (8 bytes).
    Removing ff.o(.text.validate), (42 bytes).
    Removing ff.o(.ARM.exidx.text.validate), (8 bytes).
    Removing ff.o(.text.mem_cpy), (16 bytes).
    Removing ff.o(.ARM.exidx.text.mem_cpy), (8 bytes).
    Removing ff.o(.text.f_write), (394 bytes).
    Removing ff.o(.ARM.exidx.text.f_write), (8 bytes).
    Removing ff.o(.text.create_chain), (168 bytes).
    Removing ff.o(.ARM.exidx.text.create_chain), (8 bytes).
    Removing ff.o(.text.f_sync), (140 bytes).
    Removing ff.o(.ARM.exidx.text.f_sync), (8 bytes).
    Removing ff.o(.text.sync_fs), (116 bytes).
    Removing ff.o(.ARM.exidx.text.sync_fs), (8 bytes).
    Removing ff.o(.text.f_close), (28 bytes).
    Removing ff.o(.ARM.exidx.text.f_close), (8 bytes).
    Removing ff.o(.text.f_lseek), (352 bytes).
    Removing ff.o(.ARM.exidx.text.f_lseek), (8 bytes).
    Removing ff.o(.text.f_opendir), (98 bytes).
    Removing ff.o(.ARM.exidx.text.f_opendir), (8 bytes).
    Removing ff.o(.text.dir_sdi), (152 bytes).
    Removing ff.o(.ARM.exidx.text.dir_sdi), (8 bytes).
    Removing ff.o(.text.f_closedir), (18 bytes).
    Removing ff.o(.ARM.exidx.text.f_closedir), (8 bytes).
    Removing ff.o(.text.f_readdir), (86 bytes).
    Removing ff.o(.ARM.exidx.text.f_readdir), (8 bytes).
    Removing ff.o(.text.dir_read), (252 bytes).
    Removing ff.o(.ARM.exidx.text.dir_read), (8 bytes).
    Removing ff.o(.text.get_fileinfo), (200 bytes).
    Removing ff.o(.ARM.exidx.text.get_fileinfo), (8 bytes).
    Removing ff.o(.text.dir_next), (268 bytes).
    Removing ff.o(.ARM.exidx.text.dir_next), (8 bytes).
    Removing ff.o(.text.f_stat), (66 bytes).
    Removing ff.o(.ARM.exidx.text.f_stat), (8 bytes).
    Removing ff.o(.text.f_getfree), (228 bytes).
    Removing ff.o(.ARM.exidx.text.f_getfree), (8 bytes).
    Removing ff.o(.text.f_truncate), (168 bytes).
    Removing ff.o(.ARM.exidx.text.f_truncate), (8 bytes).
    Removing ff.o(.text.f_unlink), (150 bytes).
    Removing ff.o(.ARM.exidx.text.f_unlink), (8 bytes).
    Removing ff.o(.text.dir_remove), (102 bytes).
    Removing ff.o(.ARM.exidx.text.dir_remove), (8 bytes).
    Removing ff.o(.text.f_mkdir), (348 bytes).
    Removing ff.o(.ARM.exidx.text.f_mkdir), (8 bytes).
    Removing ff.o(.text.sync_window), (76 bytes).
    Removing ff.o(.ARM.exidx.text.sync_window), (8 bytes).
    Removing ff.o(.text.mem_set), (12 bytes).
    Removing ff.o(.ARM.exidx.text.mem_set), (8 bytes).
    Removing ff.o(.text.f_chmod), (84 bytes).
    Removing ff.o(.ARM.exidx.text.f_chmod), (8 bytes).
    Removing ff.o(.text.f_rename), (250 bytes).
    Removing ff.o(.ARM.exidx.text.f_rename), (8 bytes).
    Removing ff.o(.text.f_utime), (80 bytes).
    Removing ff.o(.ARM.exidx.text.f_utime), (8 bytes).
    Removing ff.o(.text.f_mkfs), (1456 bytes).
    Removing ff.o(.ARM.exidx.text.f_mkfs), (8 bytes).
    Removing ff.o(.text.f_gets), (78 bytes).
    Removing ff.o(.ARM.exidx.text.f_gets), (8 bytes).
    Removing ff.o(.text.f_putc), (72 bytes).
    Removing ff.o(.ARM.exidx.text.f_putc), (8 bytes).
    Removing ff.o(.text.putc_bfd), (54 bytes).
    Removing ff.o(.ARM.exidx.text.putc_bfd), (8 bytes).
    Removing ff.o(.text.f_puts), (78 bytes).
    Removing ff.o(.ARM.exidx.text.f_puts), (8 bytes).
    Removing ff.o(.text.f_printf), (556 bytes).
    Removing ff.o(.ARM.exidx.text.f_printf), (8 bytes).
    Removing ff.o(.text.check_fs), (104 bytes).
    Removing ff.o(.ARM.exidx.text.check_fs), (8 bytes).
    Removing ff.o(.text.dir_find), (328 bytes).
    Removing ff.o(.ARM.exidx.text.dir_find), (8 bytes).
    Removing ff.o(.text.chk_chr), (14 bytes).
    Removing ff.o(.ARM.exidx.text.chk_chr), (8 bytes).
    Removing ff.o(.text.sum_sfn), (28 bytes).
    Removing ff.o(.ARM.exidx.text.sum_sfn), (8 bytes).
    Removing ff.o(.rodata.str2.2), (22 bytes).
    Removing ff.o(.rodata.f_mkfs.cst), (22 bytes).
    Removing ff.o(.rodata.LfnOfs), (13 bytes).
    Removing ff.o(.bss..L_MergedGlobals), (12 bytes).
    Removing cc936.o(.text), (0 bytes).
    Removing cc936.o(.text.ff_convert), (84 bytes).
    Removing cc936.o(.ARM.exidx.text.ff_convert), (8 bytes).
    Removing cc936.o(.text.ff_wtoupper), (76 bytes).
    Removing cc936.o(.ARM.exidx.text.ff_wtoupper), (8 bytes).
    Removing cc936.o(.rodata.oem2uni), (87172 bytes).
    Removing cc936.o(.rodata.uni2oem), (87172 bytes).
    Removing cc936.o(.rodata.ff_wtoupper.lower), (988 bytes).
    Removing cc936.o(.rodata.ff_wtoupper.upper), (988 bytes).
    Removing fonts.o(.text), (0 bytes).
    Removing fonts.o(.rodata.ASCII24x32_Table), (9120 bytes).
    Removing fonts.o(.data.Font24x32), (8 bytes).
    Removing main.o(.text), (0 bytes).
    Removing main.o(.ARM.exidx.text.main), (8 bytes).
    Removing main.o(.text.fn_LED_Flash_Init), (128 bytes).
    Removing main.o(.ARM.exidx.text.fn_LED_Flash_Init), (8 bytes).
    Removing main.o(.text.fn_usart_show_Init), (72 bytes).
    Removing main.o(.ARM.exidx.text.fn_usart_show_Init), (8 bytes).
    Removing main.o(.text.fn_DMA_show_Init), (92 bytes).
    Removing main.o(.ARM.exidx.text.fn_DMA_show_Init), (8 bytes).
    Removing main.o(.text.fn_I2C_EE_Init), (100 bytes).
    Removing main.o(.ARM.exidx.text.fn_I2C_EE_Init), (8 bytes).
    Removing main.o(.text.fn_I2C_EE_Soft_Init), (108 bytes).
    Removing main.o(.ARM.exidx.text.fn_I2C_EE_Soft_Init), (8 bytes).
    Removing main.o(.text.fn_SPI_FLASH_Soft_Init), (256 bytes).
    Removing main.o(.ARM.exidx.text.fn_SPI_FLASH_Soft_Init), (8 bytes).
    Removing main.o(.text.fn_FatFs_Document_Init), (96 bytes).
    Removing main.o(.ARM.exidx.text.fn_FatFs_Document_Init), (8 bytes).
    Removing main.o(.text.fn_SRAM_Init), (180 bytes).
    Removing main.o(.ARM.exidx.text.fn_SRAM_Init), (8 bytes).
    Removing main.o(.text.delay), (32 bytes).
    Removing main.o(.ARM.exidx.text.delay), (8 bytes).
    Removing main.o(.data.writeData), (8 bytes).
    Removing main.o(.bss.ReadData), (7 bytes).
    Removing main.o(.data.writeData2), (8 bytes).
    Removing main.o(.bss.Read_SPI_Data), (4096 bytes).
    Removing main.o(.bss.write_SPI_Data), (4096 bytes).
    Removing main.o(.rodata.str1.1), (35 bytes).
    Removing main.o(.ARM.use_no_argv), (4 bytes).
    Removing stm32f10x_it.o(.text), (0 bytes).
    Removing stm32f10x_it.o(.ARM.exidx.text.NMI_Handler), (8 bytes).
    Removing stm32f10x_it.o(.ARM.exidx.text.HardFault_Handler), (8 bytes).
    Removing stm32f10x_it.o(.ARM.exidx.text.MemManage_Handler), (8 bytes).
    Removing stm32f10x_it.o(.ARM.exidx.text.BusFault_Handler), (8 bytes).
    Removing stm32f10x_it.o(.ARM.exidx.text.UsageFault_Handler), (8 bytes).
    Removing stm32f10x_it.o(.ARM.exidx.text.SVC_Handler), (8 bytes).
    Removing stm32f10x_it.o(.ARM.exidx.text.DebugMon_Handler), (8 bytes).
    Removing stm32f10x_it.o(.ARM.exidx.text.PendSV_Handler), (8 bytes).

1291 unused section(s) (total 240895 bytes) removed from the image.

==============================================================================

Image Symbol Table

    Local Symbols

    Symbol Name                              Value     Ov Type        Size  Object(Section)

    ../Libraries/DRIVER/DEVICE/startup/startup_stm32f10x_hd.s 0x00000000   Number         0  startup_stm32f10x_hd.o ABSOLUTE
    ../clib/microlib/division.c              0x00000000   Number         0  uidiv.o ABSOLUTE
    ../clib/microlib/division.c              0x00000000   Number         0  uldiv.o ABSOLUTE
    ../clib/microlib/init/entry.s            0x00000000   Number         0  entry.o ABSOLUTE
    ../clib/microlib/init/entry.s            0x00000000   Number         0  entry2.o ABSOLUTE
    ../clib/microlib/init/entry.s            0x00000000   Number         0  entry5.o ABSOLUTE
    ../clib/microlib/init/entry.s            0x00000000   Number         0  entry7a.o ABSOLUTE
    ../clib/microlib/init/entry.s            0x00000000   Number         0  entry7b.o ABSOLUTE
    ../clib/microlib/init/entry.s            0x00000000   Number         0  entry8a.o ABSOLUTE
    ../clib/microlib/init/entry.s            0x00000000   Number         0  entry8b.o ABSOLUTE
    ../clib/microlib/init/entry.s            0x00000000   Number         0  entry9a.o ABSOLUTE
    ../clib/microlib/init/entry.s            0x00000000   Number         0  entry9b.o ABSOLUTE
    ../clib/microlib/init/entry.s            0x00000000   Number         0  entry10a.o ABSOLUTE
    ../clib/microlib/init/entry.s            0x00000000   Number         0  entry10b.o ABSOLUTE
    ../clib/microlib/init/entry.s            0x00000000   Number         0  entry11a.o ABSOLUTE
    ../clib/microlib/init/entry.s            0x00000000   Number         0  entry11b.o ABSOLUTE
    ../clib/microlib/longlong.c              0x00000000   Number         0  llshl.o ABSOLUTE
    ../clib/microlib/longlong.c              0x00000000   Number         0  llushr.o ABSOLUTE
    ../clib/microlib/longlong.c              0x00000000   Number         0  llsshr.o ABSOLUTE
    ../clib/microlib/printf/printf.c         0x00000000   Number         0  printfb.o ABSOLUTE
    ../clib/microlib/printf/printf.c         0x00000000   Number         0  printf0.o ABSOLUTE
    ../clib/microlib/printf/printf.c         0x00000000   Number         0  printf1.o ABSOLUTE
    ../clib/microlib/printf/printf.c         0x00000000   Number         0  printf2.o ABSOLUTE
    ../clib/microlib/printf/printf.c         0x00000000   Number         0  printf3.o ABSOLUTE
    ../clib/microlib/printf/printf.c         0x00000000   Number         0  printf4.o ABSOLUTE
    ../clib/microlib/printf/printf.c         0x00000000   Number         0  printf5.o ABSOLUTE
    ../clib/microlib/printf/printf.c         0x00000000   Number         0  printf6.o ABSOLUTE
    ../clib/microlib/printf/printf.c         0x00000000   Number         0  printf7.o ABSOLUTE
    ../clib/microlib/printf/printf.c         0x00000000   Number         0  printf8.o ABSOLUTE
    ../clib/microlib/printf/printf.c         0x00000000   Number         0  printfa.o ABSOLUTE
    ../clib/microlib/printf/stubs.s          0x00000000   Number         0  printfstubs.o ABSOLUTE
    ../clib/microlib/stdio/putchar.c         0x00000000   Number         0  putchar.o ABSOLUTE
    ../clib/microlib/stdio/puts.c            0x00000000   Number         0  puts.o ABSOLUTE
    ../clib/microlib/stdio/puts.c            0x00000000   Number         0  puts_e.o ABSOLUTE
    ../clib/microlib/stdio/streams.c         0x00000000   Number         0  stdout.o ABSOLUTE
    ../clib/microlib/string/memset.c         0x00000000   Number         0  memseta.o ABSOLUTE
    ../clib/microlib/string/strcpy.c         0x00000000   Number         0  strcpy.o ABSOLUTE
    ../clib/microlib/string/strlen.c         0x00000000   Number         0  strlen.o ABSOLUTE
    ../clib/microlib/stubs.s                 0x00000000   Number         0  iusefp.o ABSOLUTE
    ../fplib/microlib/fpadd.c                0x00000000   Number         0  dadd.o ABSOLUTE
    ../fplib/microlib/fpdiv.c                0x00000000   Number         0  ddiv.o ABSOLUTE
    ../fplib/microlib/fpepilogue.c           0x00000000   Number         0  depilogue.o ABSOLUTE
    ../fplib/microlib/fpfix.c                0x00000000   Number         0  dfixul.o ABSOLUTE
    ../fplib/microlib/fpmul.c                0x00000000   Number         0  dmul.o ABSOLUTE
    DMA_book.c                               0x00000000   Number         0  dma_book.o ABSOLUTE
    Exit_book.c                              0x00000000   Number         0  exit_book.o ABSOLUTE
    FatFs_book.c                             0x00000000   Number         0  fatfs_book.o ABSOLUTE
    I2C_book.c                               0x00000000   Number         0  i2c_book.o ABSOLUTE
    I2C_soft_book.c                          0x00000000   Number         0  i2c_soft_book.o ABSOLUTE
    Key_book.c                               0x00000000   Number         0  key_book.o ABSOLUTE
    LCD_Draw_book.c                          0x00000000   Number         0  lcd_draw_book.o ABSOLUTE
    LCD_PageHtml_book.c                      0x00000000   Number         0  lcd_pagehtml_book.o ABSOLUTE
    LCD_book.c                               0x00000000   Number         0  lcd_book.o ABSOLUTE
    Led_book.c                               0x00000000   Number         0  led_book.o ABSOLUTE
    RCC_book.c                               0x00000000   Number         0  rcc_book.o ABSOLUTE
    SPI_book.c                               0x00000000   Number         0  spi_book.o ABSOLUTE
    SRAM_book.c                              0x00000000   Number         0  sram_book.o ABSOLUTE
    Systick_book.c                           0x00000000   Number         0  systick_book.o ABSOLUTE
    USART_book.c                             0x00000000   Number         0  usart_book.o ABSOLUTE
    cc936.c                                  0x00000000   Number         0  cc936.o ABSOLUTE
    cdrcmple.s                               0x00000000   Number         0  cdrcmple.o ABSOLUTE
    dc.s                                     0x00000000   Number         0  dc.o ABSOLUTE
    diskio.c                                 0x00000000   Number         0  diskio.o ABSOLUTE
    ff.c                                     0x00000000   Number         0  ff.o ABSOLUTE
    fonts.c                                  0x00000000   Number         0  fonts.o ABSOLUTE
    handlers.s                               0x00000000   Number         0  handlers.o ABSOLUTE
    init.s                                   0x00000000   Number         0  init.o ABSOLUTE
    main.c                                   0x00000000   Number         0  main.o ABSOLUTE
    misc.c                                   0x00000000   Number         0  misc.o ABSOLUTE
    stm32f10x_adc.c                          0x00000000   Number         0  stm32f10x_adc.o ABSOLUTE
    stm32f10x_bkp.c                          0x00000000   Number         0  stm32f10x_bkp.o ABSOLUTE
    stm32f10x_can.c                          0x00000000   Number         0  stm32f10x_can.o ABSOLUTE
    stm32f10x_cec.c                          0x00000000   Number         0  stm32f10x_cec.o ABSOLUTE
    stm32f10x_crc.c                          0x00000000   Number         0  stm32f10x_crc.o ABSOLUTE
    stm32f10x_dac.c                          0x00000000   Number         0  stm32f10x_dac.o ABSOLUTE
    stm32f10x_dbgmcu.c                       0x00000000   Number         0  stm32f10x_dbgmcu.o ABSOLUTE
    stm32f10x_dma.c                          0x00000000   Number         0  stm32f10x_dma.o ABSOLUTE
    stm32f10x_exti.c                         0x00000000   Number         0  stm32f10x_exti.o ABSOLUTE
    stm32f10x_flash.c                        0x00000000   Number         0  stm32f10x_flash.o ABSOLUTE
    stm32f10x_fsmc.c                         0x00000000   Number         0  stm32f10x_fsmc.o ABSOLUTE
    stm32f10x_gpio.c                         0x00000000   Number         0  stm32f10x_gpio.o ABSOLUTE
    stm32f10x_i2c.c                          0x00000000   Number         0  stm32f10x_i2c.o ABSOLUTE
    stm32f10x_it.c                           0x00000000   Number         0  stm32f10x_it.o ABSOLUTE
    stm32f10x_iwdg.c                         0x00000000   Number         0  stm32f10x_iwdg.o ABSOLUTE
    stm32f10x_pwr.c                          0x00000000   Number         0  stm32f10x_pwr.o ABSOLUTE
    stm32f10x_rcc.c                          0x00000000   Number         0  stm32f10x_rcc.o ABSOLUTE
    stm32f10x_rtc.c                          0x00000000   Number         0  stm32f10x_rtc.o ABSOLUTE
    stm32f10x_sdio.c                         0x00000000   Number         0  stm32f10x_sdio.o ABSOLUTE
    stm32f10x_spi.c                          0x00000000   Number         0  stm32f10x_spi.o ABSOLUTE
    stm32f10x_tim.c                          0x00000000   Number         0  stm32f10x_tim.o ABSOLUTE
    stm32f10x_usart.c                        0x00000000   Number         0  stm32f10x_usart.o ABSOLUTE
    stm32f10x_wwdg.c                         0x00000000   Number         0  stm32f10x_wwdg.o ABSOLUTE
    system_stm32f10x.c                       0x00000000   Number         0  system_stm32f10x.o ABSOLUTE
    RESET                                    0x08000000   Section      304  startup_stm32f10x_hd.o(RESET)
    .ARM.Collect$$$$00000000                 0x08000130   Section        0  entry.o(.ARM.Collect$$$$00000000)
    .ARM.Collect$$$$00000001                 0x08000130   Section        4  entry2.o(.ARM.Collect$$$$00000001)
    .ARM.Collect$$$$00000004                 0x08000134   Section        4  entry5.o(.ARM.Collect$$$$00000004)
    .ARM.Collect$$$$00000008                 0x08000138   Section        0  entry7b.o(.ARM.Collect$$$$00000008)
    .ARM.Collect$$$$0000000A                 0x08000138   Section        0  entry8b.o(.ARM.Collect$$$$0000000A)
    .ARM.Collect$$$$0000000B                 0x08000138   Section        8  entry9a.o(.ARM.Collect$$$$0000000B)
    __lit__00000000                          0x08000140   Data           4  entry2.o(.ARM.Collect$$$$00002712)
    .ARM.Collect$$$$0000000D                 0x08000140   Section        0  entry10a.o(.ARM.Collect$$$$0000000D)
    .ARM.Collect$$$$0000000F                 0x08000140   Section        0  entry11a.o(.ARM.Collect$$$$0000000F)
    .ARM.Collect$$$$00002712                 0x08000140   Section        4  entry2.o(.ARM.Collect$$$$00002712)
    .text                                    0x08000144   Section       36  startup_stm32f10x_hd.o(.text)
    .text                                    0x08000168   Section        0  uidiv.o(.text)
    .text                                    0x08000194   Section        0  uldiv.o(.text)
    .text                                    0x080001f6   Section        0  iusefp.o(.text)
    .text                                    0x080001f6   Section        0  dadd.o(.text)
    .text                                    0x08000344   Section        0  dmul.o(.text)
    .text                                    0x08000428   Section        0  ddiv.o(.text)
    .text                                    0x08000506   Section        0  dfixul.o(.text)
    .text                                    0x08000538   Section       48  cdrcmple.o(.text)
    .text                                    0x08000568   Section       36  init.o(.text)
    .text                                    0x0800058c   Section        0  llshl.o(.text)
    .text                                    0x080005aa   Section        0  llushr.o(.text)
    .text                                    0x080005ca   Section        0  llsshr.o(.text)
    .text                                    0x080005ee   Section        0  depilogue.o(.text)
    [Anonymous Symbol]                       0x080006a8   Section        0  stm32f10x_it.o(.text.BusFault_Handler)
    [Anonymous Symbol]                       0x080006aa   Section        0  stm32f10x_it.o(.text.DebugMon_Handler)
    [Anonymous Symbol]                       0x080006ac   Section        0  lcd_pagehtml_book.o(.text.Display_Char_test)
    __arm_cp.0_0                             0x080006fc   Number         4  lcd_pagehtml_book.o(.text.Display_Char_test)
    [Anonymous Symbol]                       0x08000700   Section        0  exit_book.o(.text.EXTI0_IRQHandler)
    __arm_cp.2_0                             0x08000730   Number         4  exit_book.o(.text.EXTI0_IRQHandler)
    [Anonymous Symbol]                       0x08000734   Section        0  exit_book.o(.text.EXTI15_10_IRQHandler)
    __arm_cp.3_0                             0x08000768   Number         4  exit_book.o(.text.EXTI15_10_IRQHandler)
    [Anonymous Symbol]                       0x0800076c   Section        0  stm32f10x_exti.o(.text.EXTI_ClearITPendingBit)
    __arm_cp.7_0                             0x08000774   Number         4  stm32f10x_exti.o(.text.EXTI_ClearITPendingBit)
    [Anonymous Symbol]                       0x08000778   Section        0  stm32f10x_exti.o(.text.EXTI_GetITStatus)
    __arm_cp.6_0                             0x08000790   Number         4  stm32f10x_exti.o(.text.EXTI_GetITStatus)
    [Anonymous Symbol]                       0x08000794   Section        0  stm32f10x_flash.o(.text.FLASH_PrefetchBufferCmd)
    [Anonymous Symbol]                       0x080007a8   Section        0  stm32f10x_flash.o(.text.FLASH_SetLatency)
    __arm_cp.0_0                             0x080007b8   Number         4  stm32f10x_flash.o(.text.FLASH_SetLatency)
    [Anonymous Symbol]                       0x080007bc   Section        0  stm32f10x_fsmc.o(.text.FSMC_NORSRAMCmd)
    __arm_cp.9_0                             0x080007dc   Number         4  stm32f10x_fsmc.o(.text.FSMC_NORSRAMCmd)
    [Anonymous Symbol]                       0x080007e0   Section        0  stm32f10x_fsmc.o(.text.FSMC_NORSRAMInit)
    __arm_cp.3_0                             0x08000888   Number         4  stm32f10x_fsmc.o(.text.FSMC_NORSRAMInit)
    __arm_cp.3_1                             0x0800088c   Number         4  stm32f10x_fsmc.o(.text.FSMC_NORSRAMInit)
    [Anonymous Symbol]                       0x08000890   Section        0  stm32f10x_gpio.o(.text.GPIO_Init)
    [Anonymous Symbol]                       0x08000944   Section        0  stm32f10x_gpio.o(.text.GPIO_ReadInputDataBit)
    [Anonymous Symbol]                       0x0800094e   Section        0  stm32f10x_gpio.o(.text.GPIO_ReadOutputDataBit)
    [Anonymous Symbol]                       0x08000958   Section        0  stm32f10x_gpio.o(.text.GPIO_ResetBits)
    [Anonymous Symbol]                       0x0800095c   Section        0  stm32f10x_gpio.o(.text.GPIO_SetBits)
    [Anonymous Symbol]                       0x08000960   Section        0  stm32f10x_it.o(.text.HardFault_Handler)
    [Anonymous Symbol]                       0x08000964   Section        0  lcd_book.o(.text.ILI9341_BackLed_Control)
    __arm_cp.3_0                             0x08000978   Number         4  lcd_book.o(.text.ILI9341_BackLed_Control)
    [Anonymous Symbol]                       0x0800097c   Section        0  lcd_draw_book.o(.text.ILI9341_Clear)
    ILI9341_Delay                            0x08000999   Thumb Code    18  lcd_book.o(.text.ILI9341_Delay)
    [Anonymous Symbol]                       0x08000998   Section        0  lcd_book.o(.text.ILI9341_Delay)
    [Anonymous Symbol]                       0x080009ac   Section        0  lcd_draw_book.o(.text.ILI9341_DispChar_EN)
    [Anonymous Symbol]                       0x08000a14   Section        0  lcd_draw_book.o(.text.ILI9341_DispStringLine_EN)
    __arm_cp.13_0                            0x08000a7c   Number         4  lcd_draw_book.o(.text.ILI9341_DispStringLine_EN)
    [Anonymous Symbol]                       0x08000a80   Section        0  lcd_draw_book.o(.text.ILI9341_DrawCircle)
    __arm_cp.9_0                             0x08000c08   Number         4  lcd_draw_book.o(.text.ILI9341_DrawCircle)
    [Anonymous Symbol]                       0x08000c0c   Section        0  lcd_draw_book.o(.text.ILI9341_DrawLine)
    [Anonymous Symbol]                       0x08000cac   Section        0  lcd_draw_book.o(.text.ILI9341_DrawRectangle)
    __arm_cp.8_0                             0x08000d28   Number         4  lcd_draw_book.o(.text.ILI9341_DrawRectangle)
    ILI9341_FillColor                        0x08000d2d   Thumb Code    26  lcd_draw_book.o(.text.ILI9341_FillColor)
    [Anonymous Symbol]                       0x08000d2c   Section        0  lcd_draw_book.o(.text.ILI9341_FillColor)
    [Anonymous Symbol]                       0x08000d48   Section        0  lcd_book.o(.text.ILI9341_GramScan)
    __arm_cp.6_0                             0x08000dc4   Number         4  lcd_book.o(.text.ILI9341_GramScan)
    [Anonymous Symbol]                       0x08000dc8   Section        0  lcd_book.o(.text.ILI9341_Init)
    __arm_cp.7_0                             0x080010c8   Number         4  lcd_book.o(.text.ILI9341_Init)
    __arm_cp.7_1                             0x080010cc   Number         4  lcd_book.o(.text.ILI9341_Init)
    __arm_cp.7_2                             0x080010d0   Number         4  lcd_book.o(.text.ILI9341_Init)
    __arm_cp.7_3                             0x080010d4   Number         4  lcd_book.o(.text.ILI9341_Init)
    __arm_cp.7_4                             0x080010d8   Number         4  lcd_book.o(.text.ILI9341_Init)
    __arm_cp.7_5                             0x080010dc   Number         4  lcd_book.o(.text.ILI9341_Init)
    __arm_cp.7_6                             0x080010e0   Number         4  lcd_book.o(.text.ILI9341_Init)
    [Anonymous Symbol]                       0x080010e4   Section        0  lcd_draw_book.o(.text.ILI9341_OpenWindow)
    __arm_cp.0_0                             0x08001134   Number         4  lcd_draw_book.o(.text.ILI9341_OpenWindow)
    [Anonymous Symbol]                       0x08001138   Section        0  lcd_book.o(.text.ILI9341_Rst)
    __arm_cp.4_0                             0x08001164   Number         4  lcd_book.o(.text.ILI9341_Rst)
    [Anonymous Symbol]                       0x08001168   Section        0  lcd_draw_book.o(.text.ILI9341_SetPointPixel)
    __arm_cp.6_0                             0x08001198   Number         4  lcd_draw_book.o(.text.ILI9341_SetPointPixel)
    __arm_cp.6_1                             0x0800119c   Number         4  lcd_draw_book.o(.text.ILI9341_SetPointPixel)
    [Anonymous Symbol]                       0x080011a0   Section        0  lcd_book.o(.text.ILI9341_Write_Cmd)
    [Anonymous Symbol]                       0x080011a8   Section        0  lcd_book.o(.text.ILI9341_Write_Data)
    [Anonymous Symbol]                       0x080011b0   Section        0  lcd_draw_book.o(.text.LCD_GetFont)
    [Anonymous Symbol]                       0x080011b8   Section        0  lcd_draw_book.o(.text.LCD_SetColors)
    [Anonymous Symbol]                       0x080011c0   Section        0  lcd_draw_book.o(.text.LCD_SetFont)
    __arm_cp.10_0                            0x080011c8   Number         4  lcd_draw_book.o(.text.LCD_SetFont)
    [Anonymous Symbol]                       0x080011cc   Section        0  lcd_draw_book.o(.text.LCD_SetForeColor)
    __arm_cp.4_0                             0x080011d4   Number         4  lcd_draw_book.o(.text.LCD_SetForeColor)
    [Anonymous Symbol]                       0x080011d8   Section        0  stm32f10x_it.o(.text.MemManage_Handler)
    [Anonymous Symbol]                       0x080011da   Section        0  stm32f10x_it.o(.text.NMI_Handler)
    [Anonymous Symbol]                       0x080011dc   Section        0  misc.o(.text.NVIC_Init)
    __arm_cp.1_0                             0x08001228   Number         4  misc.o(.text.NVIC_Init)
    [Anonymous Symbol]                       0x0800122c   Section        0  misc.o(.text.NVIC_PriorityGroupConfig)
    __arm_cp.0_0                             0x08001238   Number         4  misc.o(.text.NVIC_PriorityGroupConfig)
    __arm_cp.0_1                             0x0800123c   Number         4  misc.o(.text.NVIC_PriorityGroupConfig)
    [Anonymous Symbol]                       0x08001240   Section        0  stm32f10x_it.o(.text.PendSV_Handler)
    [Anonymous Symbol]                       0x08001244   Section        0  stm32f10x_rcc.o(.text.RCC_AHBPeriphClockCmd)
    __arm_cp.21_0                            0x08001258   Number         4  stm32f10x_rcc.o(.text.RCC_AHBPeriphClockCmd)
    [Anonymous Symbol]                       0x0800125c   Section        0  stm32f10x_rcc.o(.text.RCC_APB2PeriphClockCmd)
    __arm_cp.22_0                            0x08001270   Number         4  stm32f10x_rcc.o(.text.RCC_APB2PeriphClockCmd)
    [Anonymous Symbol]                       0x08001274   Section        0  stm32f10x_rcc.o(.text.RCC_DeInit)
    [Anonymous Symbol]                       0x080012a8   Section        0  stm32f10x_rcc.o(.text.RCC_GetClocksFreq)
    __arm_cp.20_1                            0x0800130c   Number         4  stm32f10x_rcc.o(.text.RCC_GetClocksFreq)
    __arm_cp.20_2                            0x08001310   Number         4  stm32f10x_rcc.o(.text.RCC_GetClocksFreq)
    __arm_cp.20_3                            0x08001314   Number         4  stm32f10x_rcc.o(.text.RCC_GetClocksFreq)
    __arm_cp.20_4                            0x08001318   Number         4  stm32f10x_rcc.o(.text.RCC_GetClocksFreq)
    [Anonymous Symbol]                       0x0800131c   Section        0  stm32f10x_rcc.o(.text.RCC_GetFlagStatus)
    [Anonymous Symbol]                       0x08001340   Section        0  stm32f10x_rcc.o(.text.RCC_GetSYSCLKSource)
    [Anonymous Symbol]                       0x0800134c   Section        0  stm32f10x_rcc.o(.text.RCC_HCLKConfig)
    [Anonymous Symbol]                       0x0800135c   Section        0  stm32f10x_rcc.o(.text.RCC_HSEConfig)
    [Anonymous Symbol]                       0x08001388   Section        0  stm32f10x_rcc.o(.text.RCC_PCLK1Config)
    [Anonymous Symbol]                       0x08001398   Section        0  stm32f10x_rcc.o(.text.RCC_PCLK2Config)
    [Anonymous Symbol]                       0x080013a8   Section        0  stm32f10x_rcc.o(.text.RCC_PLLCmd)
    __arm_cp.7_0                             0x080013b0   Number         4  stm32f10x_rcc.o(.text.RCC_PLLCmd)
    [Anonymous Symbol]                       0x080013b4   Section        0  stm32f10x_rcc.o(.text.RCC_PLLConfig)
    [Anonymous Symbol]                       0x080013c4   Section        0  stm32f10x_rcc.o(.text.RCC_SYSCLKConfig)
    __arm_cp.8_0                             0x080013d4   Number         4  stm32f10x_rcc.o(.text.RCC_SYSCLKConfig)
    [Anonymous Symbol]                       0x080013d8   Section        0  stm32f10x_rcc.o(.text.RCC_WaitForHSEStartUp)
    [Anonymous Symbol]                       0x08001400   Section        0  stm32f10x_it.o(.text.SVC_Handler)
    [Anonymous Symbol]                       0x08001402   Section        0  systick_book.o(.text.SysTick_Handler)
    [Anonymous Symbol]                       0x08001408   Section        0  system_stm32f10x.o(.text.SystemInit)
    __arm_cp.0_0                             0x080014e4   Number         4  system_stm32f10x.o(.text.SystemInit)
    __arm_cp.0_1                             0x080014e8   Number         4  system_stm32f10x.o(.text.SystemInit)
    __arm_cp.0_2                             0x080014ec   Number         4  system_stm32f10x.o(.text.SystemInit)
    __arm_cp.0_3                             0x080014f0   Number         4  system_stm32f10x.o(.text.SystemInit)
    __arm_cp.0_4                             0x080014f4   Number         4  system_stm32f10x.o(.text.SystemInit)
    [Anonymous Symbol]                       0x080014f8   Section        0  usart_book.o(.text.USART1_IRQHandler)
    [Anonymous Symbol]                       0x0800151c   Section        0  stm32f10x_usart.o(.text.USART_Cmd)
    [Anonymous Symbol]                       0x0800152e   Section        0  stm32f10x_usart.o(.text.USART_GetFlagStatus)
    [Anonymous Symbol]                       0x08001538   Section        0  stm32f10x_usart.o(.text.USART_GetITStatus)
    [Anonymous Symbol]                       0x08001570   Section        0  stm32f10x_usart.o(.text.USART_ITConfig)
    [Anonymous Symbol]                       0x0800159c   Section        0  stm32f10x_usart.o(.text.USART_Init)
    __arm_cp.1_0                             0x0800163c   Number         4  stm32f10x_usart.o(.text.USART_Init)
    [Anonymous Symbol]                       0x08001640   Section        0  stm32f10x_usart.o(.text.USART_ReceiveData)
    [Anonymous Symbol]                       0x08001648   Section        0  stm32f10x_usart.o(.text.USART_SendData)
    [Anonymous Symbol]                       0x08001650   Section        0  stm32f10x_it.o(.text.UsageFault_Handler)
    [Anonymous Symbol]                       0x08001652   Section        0  rcc_book.o(.text.fn_HRCC_SetSystic)
    [Anonymous Symbol]                       0x080016bc   Section        0  key_book.o(.text.fn_Key_GPIO_Config)
    [Anonymous Symbol]                       0x080016dc   Section        0  key_book.o(.text.fn_Key_Init)
    __arm_cp.1_0                             0x08001700   Number         4  key_book.o(.text.fn_Key_Init)
    [Anonymous Symbol]                       0x08001704   Section        0  led_book.o(.text.fn_LED_ALL_OFF)
    __arm_cp.2_1                             0x08001724   Number         4  led_book.o(.text.fn_LED_ALL_OFF)
    [Anonymous Symbol]                       0x08001728   Section        0  led_book.o(.text.fn_LED_Corporate)
    [Anonymous Symbol]                       0x08001760   Section        0  led_book.o(.text.fn_LED_GPIO_Config)
    [Anonymous Symbol]                       0x08001790   Section        0  lcd_pagehtml_book.o(.text.fn_Lcd_Page1)
    __arm_cp.1_0                             0x080019fc   Number         4  lcd_pagehtml_book.o(.text.fn_Lcd_Page1)
    __arm_cp.1_1                             0x08001a00   Number         4  lcd_pagehtml_book.o(.text.fn_Lcd_Page1)
    __arm_cp.1_2                             0x08001a04   Number         4  lcd_pagehtml_book.o(.text.fn_Lcd_Page1)
    __arm_cp.1_3                             0x08001a08   Number         4  lcd_pagehtml_book.o(.text.fn_Lcd_Page1)
    __arm_cp.1_4                             0x08001a0c   Number         4  lcd_pagehtml_book.o(.text.fn_Lcd_Page1)
    __arm_cp.1_5                             0x08001a10   Number         4  lcd_pagehtml_book.o(.text.fn_Lcd_Page1)
    __arm_cp.1_6                             0x08001a14   Number         4  lcd_pagehtml_book.o(.text.fn_Lcd_Page1)
    __arm_cp.1_7                             0x08001a18   Number         4  lcd_pagehtml_book.o(.text.fn_Lcd_Page1)
    __arm_cp.1_9                             0x08001a30   Number         4  lcd_pagehtml_book.o(.text.fn_Lcd_Page1)
    __arm_cp.1_12                            0x08001a5c   Number         4  lcd_pagehtml_book.o(.text.fn_Lcd_Page1)
    __arm_cp.1_13                            0x08001a60   Number         4  lcd_pagehtml_book.o(.text.fn_Lcd_Page1)
    [Anonymous Symbol]                       0x08001aa0   Section        0  led_book.o(.text.fn_Led_Init)
    __arm_cp.1_0                             0x08001ad8   Number         4  led_book.o(.text.fn_Led_Init)
    __arm_cp.1_1                             0x08001adc   Number         4  led_book.o(.text.fn_Led_Init)
    [Anonymous Symbol]                       0x08001ae0   Section        0  rcc_book.o(.text.fn_RCC_Init)
    [Anonymous Symbol]                       0x08001ae8   Section        0  systick_book.o(.text.fn_SysTick_delay_decrement)
    __arm_cp.2_0                             0x08001b08   Number         4  systick_book.o(.text.fn_SysTick_delay_decrement)
    __arm_cp.2_1                             0x08001b0c   Number         4  systick_book.o(.text.fn_SysTick_delay_decrement)
    [Anonymous Symbol]                       0x08001b10   Section        0  systick_book.o(.text.fn_Systick_Delay)
    __arm_cp.0_0                             0x08001b7c   Number         4  systick_book.o(.text.fn_Systick_Delay)
    __arm_cp.0_1                             0x08001b80   Number         4  systick_book.o(.text.fn_Systick_Delay)
    __arm_cp.0_2                             0x08001b84   Number         4  systick_book.o(.text.fn_Systick_Delay)
    __arm_cp.0_3                             0x08001b88   Number         4  systick_book.o(.text.fn_Systick_Delay)
    [Anonymous Symbol]                       0x08001b8c   Section        0  usart_book.o(.text.fn_USART_Config)
    __arm_cp.1_1                             0x08001be4   Number         4  usart_book.o(.text.fn_USART_Config)
    [Anonymous Symbol]                       0x08001be8   Section        0  usart_book.o(.text.fn_USART_IO_Config)
    __arm_cp.0_0                             0x08001c10   Number         4  usart_book.o(.text.fn_USART_IO_Config)
    __arm_cp.0_1                             0x08001c14   Number         4  usart_book.o(.text.fn_USART_IO_Config)
    __arm_cp.0_2                             0x08001c18   Number         4  usart_book.o(.text.fn_USART_IO_Config)
    [Anonymous Symbol]                       0x08001c1c   Section        0  usart_book.o(.text.fn_USART_Init)
    [Anonymous Symbol]                       0x08001c2c   Section        0  usart_book.o(.text.fputc)
    __arm_cp.6_0                             0x08001c4c   Number         4  usart_book.o(.text.fputc)
    [Anonymous Symbol]                       0x08001c50   Section        0  main.o(.text.main)
    __arm_cp.0_3                             0x08001d04   Number         4  main.o(.text.main)
    i.__0printf                              0x08001d08   Section        0  printfa.o(i.__0printf)
    i.__scatterload_copy                     0x08001d28   Section       14  handlers.o(i.__scatterload_copy)
    i.__scatterload_null                     0x08001d36   Section        2  handlers.o(i.__scatterload_null)
    i.__scatterload_zeroinit                 0x08001d38   Section       14  handlers.o(i.__scatterload_zeroinit)
    _fp_digits                               0x08001d49   Thumb Code   366  printfa.o(i._fp_digits)
    i._fp_digits                             0x08001d48   Section        0  printfa.o(i._fp_digits)
    _printf_core                             0x08001ecd   Thumb Code  1744  printfa.o(i._printf_core)
    i._printf_core                           0x08001ecc   Section        0  printfa.o(i._printf_core)
    _printf_post_padding                     0x080025a9   Thumb Code    36  printfa.o(i._printf_post_padding)
    i._printf_post_padding                   0x080025a8   Section        0  printfa.o(i._printf_post_padding)
    _printf_pre_padding                      0x080025cd   Thumb Code    46  printfa.o(i._printf_pre_padding)
    i._printf_pre_padding                    0x080025cc   Section        0  printfa.o(i._printf_pre_padding)
    i.putchar                                0x080025fc   Section        0  putchar.o(i.putchar)
    i.puts                                   0x08002608   Section        0  puts.o(i.puts)
    ADCPrescTable                            0x0800262c   Data           4  stm32f10x_rcc.o(.rodata.ADCPrescTable)
    [Anonymous Symbol]                       0x0800262c   Section        0  stm32f10x_rcc.o(.rodata.ADCPrescTable)
    APBAHBPrescTable                         0x08002630   Data          16  stm32f10x_rcc.o(.rodata.APBAHBPrescTable)
    [Anonymous Symbol]                       0x08002630   Section        0  stm32f10x_rcc.o(.rodata.APBAHBPrescTable)
    .data                                    0x20000000   Section        4  stdout.o(.data)
    [Anonymous Symbol]                       0x20000004   Section        0  lcd_book.o(.data..L_MergedGlobals)
    [Anonymous Symbol]                       0x200000a8   Section        0  key_book.o(.bss..L_MergedGlobals)
    count_key                                0x200000aa   Data           2  key_book.o(.bss..L_MergedGlobals)
    _SysTick_delay                           0x200000ac   Data           4  systick_book.o(.bss..L_MergedGlobals)
    [Anonymous Symbol]                       0x200000ac   Section        0  systick_book.o(.bss..L_MergedGlobals)
    SysTick_delay                            0x200000b0   Data           4  systick_book.o(.bss..L_MergedGlobals)
    [Anonymous Symbol]                       0x200000b4   Section        0  lcd_draw_book.o(.bss..L_MergedGlobals)
    STACK                                    0x200000b8   Section     1024  startup_stm32f10x_hd.o(STACK)

    Global Symbols

    Symbol Name                              Value     Ov Type        Size  Object(Section)

    BuildAttributes$$THM_ISAv4$P$D$K$B$S$PE$A:L22UL41UL21$X:L11$S22US41US21$IEEE1$IW$~IW$USESV6$~STKCKD$USESV7$~SHL$OSPACE$ROPI$EBA8$MICROLIB$REQ8$PRES8$EABIv2 0x00000000   Number         0  anon$$obj.o ABSOLUTE
    _printf_a                                0x00000000   Number         0  printfstubs.o ABSOLUTE
    _printf_c                                0x00000000   Number         0  printfstubs.o ABSOLUTE
    _printf_charcount                        0x00000000   Number         0  printfstubs.o ABSOLUTE
    _printf_d                                0x00000000   Number         0  printfstubs.o ABSOLUTE
    _printf_e                                0x00000000   Number         0  printfstubs.o ABSOLUTE
    _printf_f                                0x00000000   Number         0  printfstubs.o ABSOLUTE
    _printf_flags                            0x00000000   Number         0  printfstubs.o ABSOLUTE
    _printf_fp_dec                           0x00000000   Number         0  printfstubs.o ABSOLUTE
    _printf_fp_hex                           0x00000000   Number         0  printfstubs.o ABSOLUTE
    _printf_g                                0x00000000   Number         0  printfstubs.o ABSOLUTE
    _printf_i                                0x00000000   Number         0  printfstubs.o ABSOLUTE
    _printf_int_dec                          0x00000000   Number         0  printfstubs.o ABSOLUTE
    _printf_l                                0x00000000   Number         0  printfstubs.o ABSOLUTE
    _printf_lc                               0x00000000   Number         0  printfstubs.o ABSOLUTE
    _printf_ll                               0x00000000   Number         0  printfstubs.o ABSOLUTE
    _printf_lld                              0x00000000   Number         0  printfstubs.o ABSOLUTE
    _printf_lli                              0x00000000   Number         0  printfstubs.o ABSOLUTE
    _printf_llo                              0x00000000   Number         0  printfstubs.o ABSOLUTE
    _printf_llu                              0x00000000   Number         0  printfstubs.o ABSOLUTE
    _printf_llx                              0x00000000   Number         0  printfstubs.o ABSOLUTE
    _printf_longlong_dec                     0x00000000   Number         0  printfstubs.o ABSOLUTE
    _printf_longlong_hex                     0x00000000   Number         0  printfstubs.o ABSOLUTE
    _printf_longlong_oct                     0x00000000   Number         0  printfstubs.o ABSOLUTE
    _printf_ls                               0x00000000   Number         0  printfstubs.o ABSOLUTE
    _printf_mbtowc                           0x00000000   Number         0  printfstubs.o ABSOLUTE
    _printf_n                                0x00000000   Number         0  printfstubs.o ABSOLUTE
    _printf_o                                0x00000000   Number         0  printfstubs.o ABSOLUTE
    _printf_p                                0x00000000   Number         0  printfstubs.o ABSOLUTE
    _printf_percent                          0x00000000   Number         0  printfstubs.o ABSOLUTE
    _printf_pre_padding                      0x00000000   Number         0  printfstubs.o ABSOLUTE
    _printf_return_value                     0x00000000   Number         0  printfstubs.o ABSOLUTE
    _printf_s                                0x00000000   Number         0  printfstubs.o ABSOLUTE
    _printf_sizespec                         0x00000000   Number         0  printfstubs.o ABSOLUTE
    _printf_str                              0x00000000   Number         0  printfstubs.o ABSOLUTE
    _printf_truncate_signed                  0x00000000   Number         0  printfstubs.o ABSOLUTE
    _printf_truncate_unsigned                0x00000000   Number         0  printfstubs.o ABSOLUTE
    _printf_u                                0x00000000   Number         0  printfstubs.o ABSOLUTE
    _printf_wc                               0x00000000   Number         0  printfstubs.o ABSOLUTE
    _printf_wctomb                           0x00000000   Number         0  printfstubs.o ABSOLUTE
    _printf_widthprec                        0x00000000   Number         0  printfstubs.o ABSOLUTE
    _printf_x                                0x00000000   Number         0  printfstubs.o ABSOLUTE
    __cpp_initialize__aeabi_                  - Undefined Weak Reference
    __cxa_finalize                            - Undefined Weak Reference
    __decompress                              - Undefined Weak Reference
    _clock_init                               - Undefined Weak Reference
    _microlib_exit                            - Undefined Weak Reference
    __Vectors_Size                           0x00000130   Number         0  startup_stm32f10x_hd.o ABSOLUTE
    __Vectors                                0x08000000   Data           4  startup_stm32f10x_hd.o(RESET)
    __Vectors_End                            0x08000130   Data           0  startup_stm32f10x_hd.o(RESET)
    __main                                   0x08000131   Thumb Code     0  entry.o(.ARM.Collect$$$$00000000)
    _main_stk                                0x08000131   Thumb Code     0  entry2.o(.ARM.Collect$$$$00000001)
    _main_scatterload                        0x08000135   Thumb Code     0  entry5.o(.ARM.Collect$$$$00000004)
    __main_after_scatterload                 0x08000139   Thumb Code     0  entry5.o(.ARM.Collect$$$$00000004)
    _main_clock                              0x08000139   Thumb Code     0  entry7b.o(.ARM.Collect$$$$00000008)
    _main_cpp_init                           0x08000139   Thumb Code     0  entry8b.o(.ARM.Collect$$$$0000000A)
    _main_init                               0x08000139   Thumb Code     0  entry9a.o(.ARM.Collect$$$$0000000B)
    __rt_final_cpp                           0x08000141   Thumb Code     0  entry10a.o(.ARM.Collect$$$$0000000D)
    __rt_final_exit                          0x08000141   Thumb Code     0  entry11a.o(.ARM.Collect$$$$0000000F)
    Reset_Handler                            0x08000145   Thumb Code     8  startup_stm32f10x_hd.o(.text)
    ADC1_2_IRQHandler                        0x0800015f   Thumb Code     0  startup_stm32f10x_hd.o(.text)
    ADC3_IRQHandler                          0x0800015f   Thumb Code     0  startup_stm32f10x_hd.o(.text)
    CAN1_RX1_IRQHandler                      0x0800015f   Thumb Code     0  startup_stm32f10x_hd.o(.text)
    CAN1_SCE_IRQHandler                      0x0800015f   Thumb Code     0  startup_stm32f10x_hd.o(.text)
    DMA1_Channel1_IRQHandler                 0x0800015f   Thumb Code     0  startup_stm32f10x_hd.o(.text)
    DMA1_Channel2_IRQHandler                 0x0800015f   Thumb Code     0  startup_stm32f10x_hd.o(.text)
    DMA1_Channel3_IRQHandler                 0x0800015f   Thumb Code     0  startup_stm32f10x_hd.o(.text)
    DMA1_Channel4_IRQHandler                 0x0800015f   Thumb Code     0  startup_stm32f10x_hd.o(.text)
    DMA1_Channel5_IRQHandler                 0x0800015f   Thumb Code     0  startup_stm32f10x_hd.o(.text)
    DMA1_Channel6_IRQHandler                 0x0800015f   Thumb Code     0  startup_stm32f10x_hd.o(.text)
    DMA1_Channel7_IRQHandler                 0x0800015f   Thumb Code     0  startup_stm32f10x_hd.o(.text)
    DMA2_Channel1_IRQHandler                 0x0800015f   Thumb Code     0  startup_stm32f10x_hd.o(.text)
    DMA2_Channel2_IRQHandler                 0x0800015f   Thumb Code     0  startup_stm32f10x_hd.o(.text)
    DMA2_Channel3_IRQHandler                 0x0800015f   Thumb Code     0  startup_stm32f10x_hd.o(.text)
    DMA2_Channel4_5_IRQHandler               0x0800015f   Thumb Code     0  startup_stm32f10x_hd.o(.text)
    EXTI1_IRQHandler                         0x0800015f   Thumb Code     0  startup_stm32f10x_hd.o(.text)
    EXTI2_IRQHandler                         0x0800015f   Thumb Code     0  startup_stm32f10x_hd.o(.text)
    EXTI3_IRQHandler                         0x0800015f   Thumb Code     0  startup_stm32f10x_hd.o(.text)
    EXTI4_IRQHandler                         0x0800015f   Thumb Code     0  startup_stm32f10x_hd.o(.text)
    EXTI9_5_IRQHandler                       0x0800015f   Thumb Code     0  startup_stm32f10x_hd.o(.text)
    FLASH_IRQHandler                         0x0800015f   Thumb Code     0  startup_stm32f10x_hd.o(.text)
    FSMC_IRQHandler                          0x0800015f   Thumb Code     0  startup_stm32f10x_hd.o(.text)
    I2C1_ER_IRQHandler                       0x0800015f   Thumb Code     0  startup_stm32f10x_hd.o(.text)
    I2C1_EV_IRQHandler                       0x0800015f   Thumb Code     0  startup_stm32f10x_hd.o(.text)
    I2C2_ER_IRQHandler                       0x0800015f   Thumb Code     0  startup_stm32f10x_hd.o(.text)
    I2C2_EV_IRQHandler                       0x0800015f   Thumb Code     0  startup_stm32f10x_hd.o(.text)
    PVD_IRQHandler                           0x0800015f   Thumb Code     0  startup_stm32f10x_hd.o(.text)
    RCC_IRQHandler                           0x0800015f   Thumb Code     0  startup_stm32f10x_hd.o(.text)
    RTCAlarm_IRQHandler                      0x0800015f   Thumb Code     0  startup_stm32f10x_hd.o(.text)
    RTC_IRQHandler                           0x0800015f   Thumb Code     0  startup_stm32f10x_hd.o(.text)
    SDIO_IRQHandler                          0x0800015f   Thumb Code     0  startup_stm32f10x_hd.o(.text)
    SPI1_IRQHandler                          0x0800015f   Thumb Code     0  startup_stm32f10x_hd.o(.text)
    SPI2_IRQHandler                          0x0800015f   Thumb Code     0  startup_stm32f10x_hd.o(.text)
    SPI3_IRQHandler                          0x0800015f   Thumb Code     0  startup_stm32f10x_hd.o(.text)
    TAMPER_IRQHandler                        0x0800015f   Thumb Code     0  startup_stm32f10x_hd.o(.text)
    TIM1_BRK_IRQHandler                      0x0800015f   Thumb Code     0  startup_stm32f10x_hd.o(.text)
    TIM1_CC_IRQHandler                       0x0800015f   Thumb Code     0  startup_stm32f10x_hd.o(.text)
    TIM1_TRG_COM_IRQHandler                  0x0800015f   Thumb Code     0  startup_stm32f10x_hd.o(.text)
    TIM1_UP_IRQHandler                       0x0800015f   Thumb Code     0  startup_stm32f10x_hd.o(.text)
    TIM2_IRQHandler                          0x0800015f   Thumb Code     0  startup_stm32f10x_hd.o(.text)
    TIM3_IRQHandler                          0x0800015f   Thumb Code     0  startup_stm32f10x_hd.o(.text)
    TIM4_IRQHandler                          0x0800015f   Thumb Code     0  startup_stm32f10x_hd.o(.text)
    TIM5_IRQHandler                          0x0800015f   Thumb Code     0  startup_stm32f10x_hd.o(.text)
    TIM6_IRQHandler                          0x0800015f   Thumb Code     0  startup_stm32f10x_hd.o(.text)
    TIM7_IRQHandler                          0x0800015f   Thumb Code     0  startup_stm32f10x_hd.o(.text)
    TIM8_BRK_IRQHandler                      0x0800015f   Thumb Code     0  startup_stm32f10x_hd.o(.text)
    TIM8_CC_IRQHandler                       0x0800015f   Thumb Code     0  startup_stm32f10x_hd.o(.text)
    TIM8_TRG_COM_IRQHandler                  0x0800015f   Thumb Code     0  startup_stm32f10x_hd.o(.text)
    TIM8_UP_IRQHandler                       0x0800015f   Thumb Code     0  startup_stm32f10x_hd.o(.text)
    UART4_IRQHandler                         0x0800015f   Thumb Code     0  startup_stm32f10x_hd.o(.text)
    UART5_IRQHandler                         0x0800015f   Thumb Code     0  startup_stm32f10x_hd.o(.text)
    USART2_IRQHandler                        0x0800015f   Thumb Code     0  startup_stm32f10x_hd.o(.text)
    USART3_IRQHandler                        0x0800015f   Thumb Code     0  startup_stm32f10x_hd.o(.text)
    USBWakeUp_IRQHandler                     0x0800015f   Thumb Code     0  startup_stm32f10x_hd.o(.text)
    USB_HP_CAN1_TX_IRQHandler                0x0800015f   Thumb Code     0  startup_stm32f10x_hd.o(.text)
    USB_LP_CAN1_RX0_IRQHandler               0x0800015f   Thumb Code     0  startup_stm32f10x_hd.o(.text)
    WWDG_IRQHandler                          0x0800015f   Thumb Code     0  startup_stm32f10x_hd.o(.text)
    __aeabi_uidiv                            0x08000169   Thumb Code     0  uidiv.o(.text)
    __aeabi_uidivmod                         0x08000169   Thumb Code    44  uidiv.o(.text)
    __aeabi_uldivmod                         0x08000195   Thumb Code    98  uldiv.o(.text)
    __I$use$fp                               0x080001f7   Thumb Code     0  iusefp.o(.text)
    __aeabi_dadd                             0x080001f7   Thumb Code   322  dadd.o(.text)
    __aeabi_dsub                             0x08000339   Thumb Code     6  dadd.o(.text)
    __aeabi_drsub                            0x0800033f   Thumb Code     6  dadd.o(.text)
    __aeabi_dmul                             0x08000345   Thumb Code   228  dmul.o(.text)
    __aeabi_ddiv                             0x08000429   Thumb Code   222  ddiv.o(.text)
    __aeabi_d2ulz                            0x08000507   Thumb Code    48  dfixul.o(.text)
    __aeabi_cdrcmple                         0x08000539   Thumb Code    48  cdrcmple.o(.text)
    __scatterload                            0x08000569   Thumb Code    28  init.o(.text)
    __scatterload_rt2                        0x08000569   Thumb Code     0  init.o(.text)
    __aeabi_llsl                             0x0800058d   Thumb Code    30  llshl.o(.text)
    _ll_shift_l                              0x0800058d   Thumb Code     0  llshl.o(.text)
    __aeabi_llsr                             0x080005ab   Thumb Code    32  llushr.o(.text)
    _ll_ushift_r                             0x080005ab   Thumb Code     0  llushr.o(.text)
    __aeabi_lasr                             0x080005cb   Thumb Code    36  llsshr.o(.text)
    _ll_sshift_r                             0x080005cb   Thumb Code     0  llsshr.o(.text)
    _double_round                            0x080005ef   Thumb Code    30  depilogue.o(.text)
    _double_epilogue                         0x0800060d   Thumb Code   156  depilogue.o(.text)
    BusFault_Handler                         0x080006a9   Thumb Code     2  stm32f10x_it.o(.text.BusFault_Handler)
    DebugMon_Handler                         0x080006ab   Thumb Code     2  stm32f10x_it.o(.text.DebugMon_Handler)
    Display_Char_test                        0x080006ad   Thumb Code    84  lcd_pagehtml_book.o(.text.Display_Char_test)
    EXTI0_IRQHandler                         0x08000701   Thumb Code    52  exit_book.o(.text.EXTI0_IRQHandler)
    EXTI15_10_IRQHandler                     0x08000735   Thumb Code    56  exit_book.o(.text.EXTI15_10_IRQHandler)
    EXTI_ClearITPendingBit                   0x0800076d   Thumb Code    12  stm32f10x_exti.o(.text.EXTI_ClearITPendingBit)
    EXTI_GetITStatus                         0x08000779   Thumb Code    28  stm32f10x_exti.o(.text.EXTI_GetITStatus)
    FLASH_PrefetchBufferCmd                  0x08000795   Thumb Code    20  stm32f10x_flash.o(.text.FLASH_PrefetchBufferCmd)
    FLASH_SetLatency                         0x080007a9   Thumb Code    20  stm32f10x_flash.o(.text.FLASH_SetLatency)
    FSMC_NORSRAMCmd                          0x080007bd   Thumb Code    36  stm32f10x_fsmc.o(.text.FSMC_NORSRAMCmd)
    FSMC_NORSRAMInit                         0x080007e1   Thumb Code   176  stm32f10x_fsmc.o(.text.FSMC_NORSRAMInit)
    GPIO_Init                                0x08000891   Thumb Code   180  stm32f10x_gpio.o(.text.GPIO_Init)
    GPIO_ReadInputDataBit                    0x08000945   Thumb Code    10  stm32f10x_gpio.o(.text.GPIO_ReadInputDataBit)
    GPIO_ReadOutputDataBit                   0x0800094f   Thumb Code    10  stm32f10x_gpio.o(.text.GPIO_ReadOutputDataBit)
    GPIO_ResetBits                           0x08000959   Thumb Code     4  stm32f10x_gpio.o(.text.GPIO_ResetBits)
    GPIO_SetBits                             0x0800095d   Thumb Code     4  stm32f10x_gpio.o(.text.GPIO_SetBits)
    HardFault_Handler                        0x08000961   Thumb Code     2  stm32f10x_it.o(.text.HardFault_Handler)
    ILI9341_BackLed_Control                  0x08000965   Thumb Code    24  lcd_book.o(.text.ILI9341_BackLed_Control)
    ILI9341_Clear                            0x0800097d   Thumb Code    28  lcd_draw_book.o(.text.ILI9341_Clear)
    ILI9341_DispChar_EN                      0x080009ad   Thumb Code   104  lcd_draw_book.o(.text.ILI9341_DispChar_EN)
    ILI9341_DispStringLine_EN                0x08000a15   Thumb Code   108  lcd_draw_book.o(.text.ILI9341_DispStringLine_EN)
    ILI9341_DrawCircle                       0x08000a81   Thumb Code   396  lcd_draw_book.o(.text.ILI9341_DrawCircle)
    ILI9341_DrawLine                         0x08000c0d   Thumb Code   158  lcd_draw_book.o(.text.ILI9341_DrawLine)
    ILI9341_DrawRectangle                    0x08000cad   Thumb Code   128  lcd_draw_book.o(.text.ILI9341_DrawRectangle)
    ILI9341_GramScan                         0x08000d49   Thumb Code   128  lcd_book.o(.text.ILI9341_GramScan)
    ILI9341_Init                             0x08000dc9   Thumb Code   796  lcd_book.o(.text.ILI9341_Init)
    ILI9341_OpenWindow                       0x080010e5   Thumb Code    84  lcd_draw_book.o(.text.ILI9341_OpenWindow)
    ILI9341_Rst                              0x08001139   Thumb Code    48  lcd_book.o(.text.ILI9341_Rst)
    ILI9341_SetPointPixel                    0x08001169   Thumb Code    56  lcd_draw_book.o(.text.ILI9341_SetPointPixel)
    ILI9341_Write_Cmd                        0x080011a1   Thumb Code     8  lcd_book.o(.text.ILI9341_Write_Cmd)
    ILI9341_Write_Data                       0x080011a9   Thumb Code     8  lcd_book.o(.text.ILI9341_Write_Data)
    LCD_GetFont                              0x080011b1   Thumb Code     8  lcd_draw_book.o(.text.LCD_GetFont)
    LCD_SetColors                            0x080011b9   Thumb Code     8  lcd_draw_book.o(.text.LCD_SetColors)
    LCD_SetFont                              0x080011c1   Thumb Code    12  lcd_draw_book.o(.text.LCD_SetFont)
    LCD_SetForeColor                         0x080011cd   Thumb Code    12  lcd_draw_book.o(.text.LCD_SetForeColor)
    MemManage_Handler                        0x080011d9   Thumb Code     2  stm32f10x_it.o(.text.MemManage_Handler)
    NMI_Handler                              0x080011db   Thumb Code     2  stm32f10x_it.o(.text.NMI_Handler)
    NVIC_Init                                0x080011dd   Thumb Code    80  misc.o(.text.NVIC_Init)
    NVIC_PriorityGroupConfig                 0x0800122d   Thumb Code    20  misc.o(.text.NVIC_PriorityGroupConfig)
    PendSV_Handler                           0x08001241   Thumb Code     2  stm32f10x_it.o(.text.PendSV_Handler)
    RCC_AHBPeriphClockCmd                    0x08001245   Thumb Code    24  stm32f10x_rcc.o(.text.RCC_AHBPeriphClockCmd)
    RCC_APB2PeriphClockCmd                   0x0800125d   Thumb Code    24  stm32f10x_rcc.o(.text.RCC_APB2PeriphClockCmd)
    RCC_DeInit                               0x08001275   Thumb Code    52  stm32f10x_rcc.o(.text.RCC_DeInit)
    RCC_GetClocksFreq                        0x080012a9   Thumb Code   116  stm32f10x_rcc.o(.text.RCC_GetClocksFreq)
    RCC_GetFlagStatus                        0x0800131d   Thumb Code    36  stm32f10x_rcc.o(.text.RCC_GetFlagStatus)
    RCC_GetSYSCLKSource                      0x08001341   Thumb Code    12  stm32f10x_rcc.o(.text.RCC_GetSYSCLKSource)
    RCC_HCLKConfig                           0x0800134d   Thumb Code    16  stm32f10x_rcc.o(.text.RCC_HCLKConfig)
    RCC_HSEConfig                            0x0800135d   Thumb Code    44  stm32f10x_rcc.o(.text.RCC_HSEConfig)
    RCC_PCLK1Config                          0x08001389   Thumb Code    16  stm32f10x_rcc.o(.text.RCC_PCLK1Config)
    RCC_PCLK2Config                          0x08001399   Thumb Code    16  stm32f10x_rcc.o(.text.RCC_PCLK2Config)
    RCC_PLLCmd                               0x080013a9   Thumb Code    12  stm32f10x_rcc.o(.text.RCC_PLLCmd)
    RCC_PLLConfig                            0x080013b5   Thumb Code    16  stm32f10x_rcc.o(.text.RCC_PLLConfig)
    RCC_SYSCLKConfig                         0x080013c5   Thumb Code    20  stm32f10x_rcc.o(.text.RCC_SYSCLKConfig)
    RCC_WaitForHSEStartUp                    0x080013d9   Thumb Code    40  stm32f10x_rcc.o(.text.RCC_WaitForHSEStartUp)
    SVC_Handler                              0x08001401   Thumb Code     2  stm32f10x_it.o(.text.SVC_Handler)
    SysTick_Handler                          0x08001403   Thumb Code     4  systick_book.o(.text.SysTick_Handler)
    SystemInit                               0x08001409   Thumb Code   240  system_stm32f10x.o(.text.SystemInit)
    USART1_IRQHandler                        0x080014f9   Thumb Code    36  usart_book.o(.text.USART1_IRQHandler)
    USART_Cmd                                0x0800151d   Thumb Code    18  stm32f10x_usart.o(.text.USART_Cmd)
    USART_GetFlagStatus                      0x0800152f   Thumb Code    10  stm32f10x_usart.o(.text.USART_GetFlagStatus)
    USART_GetITStatus                        0x08001539   Thumb Code    56  stm32f10x_usart.o(.text.USART_GetITStatus)
    USART_ITConfig                           0x08001571   Thumb Code    44  stm32f10x_usart.o(.text.USART_ITConfig)
    USART_Init                               0x0800159d   Thumb Code   164  stm32f10x_usart.o(.text.USART_Init)
    USART_ReceiveData                        0x08001641   Thumb Code     8  stm32f10x_usart.o(.text.USART_ReceiveData)
    USART_SendData                           0x08001649   Thumb Code     8  stm32f10x_usart.o(.text.USART_SendData)
    UsageFault_Handler                       0x08001651   Thumb Code     2  stm32f10x_it.o(.text.UsageFault_Handler)
    fn_HRCC_SetSystic                        0x08001653   Thumb Code   106  rcc_book.o(.text.fn_HRCC_SetSystic)
    fn_Key_GPIO_Config                       0x080016bd   Thumb Code    30  key_book.o(.text.fn_Key_GPIO_Config)
    fn_Key_Init                              0x080016dd   Thumb Code    40  key_book.o(.text.fn_Key_Init)
    fn_LED_ALL_OFF                           0x08001705   Thumb Code    36  led_book.o(.text.fn_LED_ALL_OFF)
    fn_LED_Corporate                         0x08001729   Thumb Code    56  led_book.o(.text.fn_LED_Corporate)
    fn_LED_GPIO_Config                       0x08001761   Thumb Code    46  led_book.o(.text.fn_LED_GPIO_Config)
    fn_Lcd_Page1                             0x08001791   Thumb Code   784  lcd_pagehtml_book.o(.text.fn_Lcd_Page1)
    fn_Led_Init                              0x08001aa1   Thumb Code    64  led_book.o(.text.fn_Led_Init)
    fn_RCC_Init                              0x08001ae1   Thumb Code     8  rcc_book.o(.text.fn_RCC_Init)
    fn_SysTick_delay_decrement               0x08001ae9   Thumb Code    40  systick_book.o(.text.fn_SysTick_delay_decrement)
    fn_Systick_Delay                         0x08001b11   Thumb Code   124  systick_book.o(.text.fn_Systick_Delay)
    fn_USART_Config                          0x08001b8d   Thumb Code    92  usart_book.o(.text.fn_USART_Config)
    fn_USART_IO_Config                       0x08001be9   Thumb Code    52  usart_book.o(.text.fn_USART_IO_Config)
    fn_USART_Init                            0x08001c1d   Thumb Code    14  usart_book.o(.text.fn_USART_Init)
    fputc                                    0x08001c2d   Thumb Code    36  usart_book.o(.text.fputc)
    main                                     0x08001c51   Thumb Code   184  main.o(.text.main)
    __0printf                                0x08001d09   Thumb Code    22  printfa.o(i.__0printf)
    __1printf                                0x08001d09   Thumb Code     0  printfa.o(i.__0printf)
    __2printf                                0x08001d09   Thumb Code     0  printfa.o(i.__0printf)
    __c89printf                              0x08001d09   Thumb Code     0  printfa.o(i.__0printf)
    printf                                   0x08001d09   Thumb Code     0  printfa.o(i.__0printf)
    __scatterload_copy                       0x08001d29   Thumb Code    14  handlers.o(i.__scatterload_copy)
    __scatterload_null                       0x08001d37   Thumb Code     2  handlers.o(i.__scatterload_null)
    __scatterload_zeroinit                   0x08001d39   Thumb Code    14  handlers.o(i.__scatterload_zeroinit)
    putchar                                  0x080025fd   Thumb Code     6  putchar.o(i.putchar)
    puts                                     0x08002609   Thumb Code    30  puts.o(i.puts)
    ASCII16x24_Table                         0x08002640   Data        4560  fonts.o(.rodata.ASCII16x24_Table)
    ASCII8x16_Table                          0x08003810   Data        1520  fonts.o(.rodata.ASCII8x16_Table)
    Region$$Table$$Base                      0x08003e00   Number         0  anon$$obj.o(Region$$Table)
    Region$$Table$$Limit                     0x08003e20   Number         0  anon$$obj.o(Region$$Table)
    __stdout                                 0x20000000   Data           4  stdout.o(.data)
    LCD_SCAN_MODE                            0x20000004   Data           1  lcd_book.o(.data..L_MergedGlobals)
    LCD_X_LENGTH                             0x20000006   Data           2  lcd_book.o(.data..L_MergedGlobals)
    LCD_Y_LENGTH                             0x20000008   Data           2  lcd_book.o(.data..L_MergedGlobals)
    Font16x24                                0x2000000c   Data           8  fonts.o(.data.Font16x24)
    Font8x16                                 0x20000014   Data           8  fonts.o(.data.Font8x16)
    LCD_Currentfonts                         0x2000001c   Data           4  lcd_draw_book.o(.data.LCD_Currentfonts)
    SystemCoreClock                          0x20000020   Data           4  system_stm32f10x.o(.data.SystemCoreClock)
    test_modu2                               0x20000024   Data         128  lcd_pagehtml_book.o(.data.test_modu2)
    key_flag                                 0x200000a8   Data           1  key_book.o(.bss..L_MergedGlobals)
    CurrentForecolor                         0x200000b4   Data           2  lcd_draw_book.o(.bss..L_MergedGlobals)
    CurrentBackColor                         0x200000b6   Data           2  lcd_draw_book.o(.bss..L_MergedGlobals)
    __initial_sp                             0x200004b8   Data           0  startup_stm32f10x_hd.o(STACK)



==============================================================================

Memory Map of the image

  Image Entry point : 0x08000131

  Load Region LR_IROM1 (Base: 0x08000000, Size: 0x00003ec8, Max: 0x00080000, ABSOLUTE)

    Execution Region ER_IROM1 (Exec base: 0x08000000, Load base: 0x08000000, Size: 0x00003e20, Max: 0x00080000, ABSOLUTE)

    Exec Addr    Load Addr    Size         Type   Attr      Idx    E Section Name        Object

    0x08000000   0x08000000   0x00000130   Data   RO            3    RESET               startup_stm32f10x_hd.o
    0x08000130   0x08000130   0x00000000   Code   RO         1707  * .ARM.Collect$$$$00000000  mc_w.l(entry.o)
    0x08000130   0x08000130   0x00000004   Code   RO         1983    .ARM.Collect$$$$00000001  mc_w.l(entry2.o)
    0x08000134   0x08000134   0x00000004   Code   RO         1986    .ARM.Collect$$$$00000004  mc_w.l(entry5.o)
    0x08000138   0x08000138   0x00000000   Code   RO         1988    .ARM.Collect$$$$00000008  mc_w.l(entry7b.o)
    0x08000138   0x08000138   0x00000000   Code   RO         1990    .ARM.Collect$$$$0000000A  mc_w.l(entry8b.o)
    0x08000138   0x08000138   0x00000008   Code   RO         1991    .ARM.Collect$$$$0000000B  mc_w.l(entry9a.o)
    0x08000140   0x08000140   0x00000000   Code   RO         1993    .ARM.Collect$$$$0000000D  mc_w.l(entry10a.o)
    0x08000140   0x08000140   0x00000000   Code   RO         1995    .ARM.Collect$$$$0000000F  mc_w.l(entry11a.o)
    0x08000140   0x08000140   0x00000004   Code   RO         1984    .ARM.Collect$$$$00002712  mc_w.l(entry2.o)
    0x08000144   0x08000144   0x00000024   Code   RO            4    .text               startup_stm32f10x_hd.o
    0x08000168   0x08000168   0x0000002c   Code   RO         1998    .text               mc_w.l(uidiv.o)
    0x08000194   0x08000194   0x00000062   Code   RO         2000    .text               mc_w.l(uldiv.o)
    0x080001f6   0x080001f6   0x00000000   Code   RO         2002    .text               mc_w.l(iusefp.o)
    0x080001f6   0x080001f6   0x0000014e   Code   RO         2003    .text               mf_w.l(dadd.o)
    0x08000344   0x08000344   0x000000e4   Code   RO         2005    .text               mf_w.l(dmul.o)
    0x08000428   0x08000428   0x000000de   Code   RO         2007    .text               mf_w.l(ddiv.o)
    0x08000506   0x08000506   0x00000030   Code   RO         2009    .text               mf_w.l(dfixul.o)
    0x08000536   0x08000536   0x00000002   PAD
    0x08000538   0x08000538   0x00000030   Code   RO         2011    .text               mf_w.l(cdrcmple.o)
    0x08000568   0x08000568   0x00000024   Code   RO         2013    .text               mc_w.l(init.o)
    0x0800058c   0x0800058c   0x0000001e   Code   RO         2015    .text               mc_w.l(llshl.o)
    0x080005aa   0x080005aa   0x00000020   Code   RO         2017    .text               mc_w.l(llushr.o)
    0x080005ca   0x080005ca   0x00000024   Code   RO         2019    .text               mc_w.l(llsshr.o)
    0x080005ee   0x080005ee   0x000000ba   Code   RO         2021    .text               mf_w.l(depilogue.o)
    0x080006a8   0x080006a8   0x00000002   Code   RO         1691    .text.BusFault_Handler  stm32f10x_it.o
    0x080006aa   0x080006aa   0x00000002   Code   RO         1697    .text.DebugMon_Handler  stm32f10x_it.o
    0x080006ac   0x080006ac   0x00000054   Code   RO         1478    .text.Display_Char_test  lcd_pagehtml_book.o
    0x08000700   0x08000700   0x00000034   Code   RO         1154    .text.EXTI0_IRQHandler  exit_book.o
    0x08000734   0x08000734   0x00000038   Code   RO         1156    .text.EXTI15_10_IRQHandler  exit_book.o
    0x0800076c   0x0800076c   0x0000000c   Code   RO          357    .text.EXTI_ClearITPendingBit  stm32f10x_exti.o
    0x08000778   0x08000778   0x0000001c   Code   RO          355    .text.EXTI_GetITStatus  stm32f10x_exti.o
    0x08000794   0x08000794   0x00000014   Code   RO          371    .text.FLASH_PrefetchBufferCmd  stm32f10x_flash.o
    0x080007a8   0x080007a8   0x00000014   Code   RO          367    .text.FLASH_SetLatency  stm32f10x_flash.o
    0x080007bc   0x080007bc   0x00000024   Code   RO          449    .text.FSMC_NORSRAMCmd  stm32f10x_fsmc.o
    0x080007e0   0x080007e0   0x000000b0   Code   RO          437    .text.FSMC_NORSRAMInit  stm32f10x_fsmc.o
    0x08000890   0x08000890   0x000000b4   Code   RO          481    .text.GPIO_Init     stm32f10x_gpio.o
    0x08000944   0x08000944   0x0000000a   Code   RO          485    .text.GPIO_ReadInputDataBit  stm32f10x_gpio.o
    0x0800094e   0x0800094e   0x0000000a   Code   RO          489    .text.GPIO_ReadOutputDataBit  stm32f10x_gpio.o
    0x08000958   0x08000958   0x00000004   Code   RO          495    .text.GPIO_ResetBits  stm32f10x_gpio.o
    0x0800095c   0x0800095c   0x00000004   Code   RO          493    .text.GPIO_SetBits  stm32f10x_gpio.o
    0x08000960   0x08000960   0x00000002   Code   RO         1687    .text.HardFault_Handler  stm32f10x_it.o
    0x08000962   0x08000962   0x00000002   PAD
    0x08000964   0x08000964   0x00000018   Code   RO         1417    .text.ILI9341_BackLed_Control  lcd_book.o
    0x0800097c   0x0800097c   0x0000001c   Code   RO         1438    .text.ILI9341_Clear  lcd_draw_book.o
    0x08000998   0x08000998   0x00000012   Code   RO         1421    .text.ILI9341_Delay  lcd_book.o
    0x080009aa   0x080009aa   0x00000002   PAD
    0x080009ac   0x080009ac   0x00000068   Code   RO         1460    .text.ILI9341_DispChar_EN  lcd_draw_book.o
    0x08000a14   0x08000a14   0x0000006c   Code   RO         1462    .text.ILI9341_DispStringLine_EN  lcd_draw_book.o
    0x08000a80   0x08000a80   0x0000018c   Code   RO         1454    .text.ILI9341_DrawCircle  lcd_draw_book.o
    0x08000c0c   0x08000c0c   0x0000009e   Code   RO         1450    .text.ILI9341_DrawLine  lcd_draw_book.o
    0x08000caa   0x08000caa   0x00000002   PAD
    0x08000cac   0x08000cac   0x00000080   Code   RO         1452    .text.ILI9341_DrawRectangle  lcd_draw_book.o
    0x08000d2c   0x08000d2c   0x0000001a   Code   RO         1440    .text.ILI9341_FillColor  lcd_draw_book.o
    0x08000d46   0x08000d46   0x00000002   PAD
    0x08000d48   0x08000d48   0x00000080   Code   RO         1423    .text.ILI9341_GramScan  lcd_book.o
    0x08000dc8   0x08000dc8   0x0000031c   Code   RO         1425    .text.ILI9341_Init  lcd_book.o
    0x080010e4   0x080010e4   0x00000054   Code   RO         1436    .text.ILI9341_OpenWindow  lcd_draw_book.o
    0x08001138   0x08001138   0x00000030   Code   RO         1419    .text.ILI9341_Rst   lcd_book.o
    0x08001168   0x08001168   0x00000038   Code   RO         1448    .text.ILI9341_SetPointPixel  lcd_draw_book.o
    0x080011a0   0x080011a0   0x00000008   Code   RO         1411    .text.ILI9341_Write_Cmd  lcd_book.o
    0x080011a8   0x080011a8   0x00000008   Code   RO         1413    .text.ILI9341_Write_Data  lcd_book.o
    0x080011b0   0x080011b0   0x00000008   Code   RO         1458    .text.LCD_GetFont   lcd_draw_book.o
    0x080011b8   0x080011b8   0x00000008   Code   RO         1442    .text.LCD_SetColors  lcd_draw_book.o
    0x080011c0   0x080011c0   0x0000000c   Code   RO         1456    .text.LCD_SetFont   lcd_draw_book.o
    0x080011cc   0x080011cc   0x0000000c   Code   RO         1444    .text.LCD_SetForeColor  lcd_draw_book.o
    0x080011d8   0x080011d8   0x00000002   Code   RO         1689    .text.MemManage_Handler  stm32f10x_it.o
    0x080011da   0x080011da   0x00000002   Code   RO         1685    .text.NMI_Handler   stm32f10x_it.o
    0x080011dc   0x080011dc   0x00000050   Code   RO           27    .text.NVIC_Init     misc.o
    0x0800122c   0x0800122c   0x00000014   Code   RO           25    .text.NVIC_PriorityGroupConfig  misc.o
    0x08001240   0x08001240   0x00000002   Code   RO         1699    .text.PendSV_Handler  stm32f10x_it.o
    0x08001242   0x08001242   0x00000002   PAD
    0x08001244   0x08001244   0x00000018   Code   RO          684    .text.RCC_AHBPeriphClockCmd  stm32f10x_rcc.o
    0x0800125c   0x0800125c   0x00000018   Code   RO          686    .text.RCC_APB2PeriphClockCmd  stm32f10x_rcc.o
    0x08001274   0x08001274   0x00000034   Code   RO          642    .text.RCC_DeInit    stm32f10x_rcc.o
    0x080012a8   0x080012a8   0x00000074   Code   RO          682    .text.RCC_GetClocksFreq  stm32f10x_rcc.o
    0x0800131c   0x0800131c   0x00000024   Code   RO          648    .text.RCC_GetFlagStatus  stm32f10x_rcc.o
    0x08001340   0x08001340   0x0000000c   Code   RO          660    .text.RCC_GetSYSCLKSource  stm32f10x_rcc.o
    0x0800134c   0x0800134c   0x00000010   Code   RO          662    .text.RCC_HCLKConfig  stm32f10x_rcc.o
    0x0800135c   0x0800135c   0x0000002c   Code   RO          644    .text.RCC_HSEConfig  stm32f10x_rcc.o
    0x08001388   0x08001388   0x00000010   Code   RO          664    .text.RCC_PCLK1Config  stm32f10x_rcc.o
    0x08001398   0x08001398   0x00000010   Code   RO          666    .text.RCC_PCLK2Config  stm32f10x_rcc.o
    0x080013a8   0x080013a8   0x0000000c   Code   RO          656    .text.RCC_PLLCmd    stm32f10x_rcc.o
    0x080013b4   0x080013b4   0x00000010   Code   RO          654    .text.RCC_PLLConfig  stm32f10x_rcc.o
    0x080013c4   0x080013c4   0x00000014   Code   RO          658    .text.RCC_SYSCLKConfig  stm32f10x_rcc.o
    0x080013d8   0x080013d8   0x00000028   Code   RO          646    .text.RCC_WaitForHSEStartUp  stm32f10x_rcc.o
    0x08001400   0x08001400   0x00000002   Code   RO         1695    .text.SVC_Handler   stm32f10x_it.o
    0x08001402   0x08001402   0x00000004   Code   RO         1222    .text.SysTick_Handler  systick_book.o
    0x08001406   0x08001406   0x00000002   PAD
    0x08001408   0x08001408   0x000000f0   Code   RO           11    .text.SystemInit    system_stm32f10x.o
    0x080014f8   0x080014f8   0x00000024   Code   RO         1249    .text.USART1_IRQHandler  usart_book.o
    0x0800151c   0x0800151c   0x00000012   Code   RO         1070    .text.USART_Cmd     stm32f10x_usart.o
    0x0800152e   0x0800152e   0x0000000a   Code   RO         1110    .text.USART_GetFlagStatus  stm32f10x_usart.o
    0x08001538   0x08001538   0x00000038   Code   RO         1114    .text.USART_GetITStatus  stm32f10x_usart.o
    0x08001570   0x08001570   0x0000002c   Code   RO         1072    .text.USART_ITConfig  stm32f10x_usart.o
    0x0800159c   0x0800159c   0x000000a4   Code   RO         1062    .text.USART_Init    stm32f10x_usart.o
    0x08001640   0x08001640   0x00000008   Code   RO         1088    .text.USART_ReceiveData  stm32f10x_usart.o
    0x08001648   0x08001648   0x00000008   Code   RO         1086    .text.USART_SendData  stm32f10x_usart.o
    0x08001650   0x08001650   0x00000002   Code   RO         1693    .text.UsageFault_Handler  stm32f10x_it.o
    0x08001652   0x08001652   0x0000006a   Code   RO         1200    .text.fn_HRCC_SetSystic  rcc_book.o
    0x080016bc   0x080016bc   0x0000001e   Code   RO         1165    .text.fn_Key_GPIO_Config  key_book.o
    0x080016da   0x080016da   0x00000002   PAD
    0x080016dc   0x080016dc   0x00000028   Code   RO         1167    .text.fn_Key_Init   key_book.o
    0x08001704   0x08001704   0x00000024   Code   RO         1188    .text.fn_LED_ALL_OFF  led_book.o
    0x08001728   0x08001728   0x00000038   Code   RO         1190    .text.fn_LED_Corporate  led_book.o
    0x08001760   0x08001760   0x0000002e   Code   RO         1184    .text.fn_LED_GPIO_Config  led_book.o
    0x0800178e   0x0800178e   0x00000002   PAD
    0x08001790   0x08001790   0x00000310   Code   RO         1480    .text.fn_Lcd_Page1  lcd_pagehtml_book.o
    0x08001aa0   0x08001aa0   0x00000040   Code   RO         1186    .text.fn_Led_Init   led_book.o
    0x08001ae0   0x08001ae0   0x00000008   Code   RO         1206    .text.fn_RCC_Init   rcc_book.o
    0x08001ae8   0x08001ae8   0x00000028   Code   RO         1220    .text.fn_SysTick_delay_decrement  systick_book.o
    0x08001b10   0x08001b10   0x0000007c   Code   RO         1216    .text.fn_Systick_Delay  systick_book.o
    0x08001b8c   0x08001b8c   0x0000005c   Code   RO         1235    .text.fn_USART_Config  usart_book.o
    0x08001be8   0x08001be8   0x00000034   Code   RO         1233    .text.fn_USART_IO_Config  usart_book.o
    0x08001c1c   0x08001c1c   0x0000000e   Code   RO         1243    .text.fn_USART_Init  usart_book.o
    0x08001c2a   0x08001c2a   0x00000002   PAD
    0x08001c2c   0x08001c2c   0x00000024   Code   RO         1245    .text.fputc         usart_book.o
    0x08001c50   0x08001c50   0x000000b8   Code   RO         1650    .text.main          main.o
    0x08001d08   0x08001d08   0x00000020   Code   RO         1955    i.__0printf         mc_w.l(printfa.o)
    0x08001d28   0x08001d28   0x0000000e   Code   RO         2025    i.__scatterload_copy  mc_w.l(handlers.o)
    0x08001d36   0x08001d36   0x00000002   Code   RO         2026    i.__scatterload_null  mc_w.l(handlers.o)
    0x08001d38   0x08001d38   0x0000000e   Code   RO         2027    i.__scatterload_zeroinit  mc_w.l(handlers.o)
    0x08001d46   0x08001d46   0x00000002   PAD
    0x08001d48   0x08001d48   0x00000184   Code   RO         1962    i._fp_digits        mc_w.l(printfa.o)
    0x08001ecc   0x08001ecc   0x000006dc   Code   RO         1963    i._printf_core      mc_w.l(printfa.o)
    0x080025a8   0x080025a8   0x00000024   Code   RO         1964    i._printf_post_padding  mc_w.l(printfa.o)
    0x080025cc   0x080025cc   0x0000002e   Code   RO         1965    i._printf_pre_padding  mc_w.l(printfa.o)
    0x080025fa   0x080025fa   0x00000002   PAD
    0x080025fc   0x080025fc   0x0000000c   Code   RO         1712    i.putchar           mc_w.l(putchar.o)
    0x08002608   0x08002608   0x00000024   Code   RO         1710    i.puts              mc_w.l(puts.o)
    0x0800262c   0x0800262c   0x00000004   Data   RO          707    .rodata.ADCPrescTable  stm32f10x_rcc.o
    0x08002630   0x08002630   0x00000010   Data   RO          706    .rodata.APBAHBPrescTable  stm32f10x_rcc.o
    0x08002640   0x08002640   0x000011d0   Data   RO         1640    .rodata.ASCII16x24_Table  fonts.o
    0x08003810   0x08003810   0x000005f0   Data   RO         1639    .rodata.ASCII8x16_Table  fonts.o
    0x08003e00   0x08003e00   0x00000020   Data   RO         2024    Region$$Table       anon$$obj.o


    Execution Region RW_IRAM1 (Exec base: 0x20000000, Load base: 0x08003e20, Size: 0x000004b8, Max: 0x00010000, ABSOLUTE)

    Exec Addr    Load Addr    Size         Type   Attr      Idx    E Section Name        Object

    0x20000000   0x08003e20   0x00000004   Data   RW         1997    .data               mc_w.l(stdout.o)
    0x20000004   0x08003e24   0x00000006   Data   RW         1427    .data..L_MergedGlobals  lcd_book.o
    0x2000000a   0x08003e2a   0x00000002   PAD
    0x2000000c   0x08003e2c   0x00000008   Data   RW         1643    .data.Font16x24     fonts.o
    0x20000014   0x08003e34   0x00000008   Data   RW         1642    .data.Font8x16      fonts.o
    0x2000001c   0x08003e3c   0x00000004   Data   RW         1468    .data.LCD_Currentfonts  lcd_draw_book.o
    0x20000020   0x08003e40   0x00000004   Data   RW           15    .data.SystemCoreClock  system_stm32f10x.o
    0x20000024   0x08003e44   0x00000080   Data   RW         1482    .data.test_modu2    lcd_pagehtml_book.o
    0x200000a4   0x08003ec4   0x00000004   PAD
    0x200000a8        -       0x00000004   Zero   RW         1175    .bss..L_MergedGlobals  key_book.o
    0x200000ac        -       0x00000008   Zero   RW         1224    .bss..L_MergedGlobals  systick_book.o
    0x200000b4        -       0x00000004   Zero   RW         1469    .bss..L_MergedGlobals  lcd_draw_book.o
    0x200000b8        -       0x00000400   Zero   RW            1    STACK               startup_stm32f10x_hd.o


==============================================================================

Image component sizes


      Code (inc. data)   RO Data    RW Data    ZI Data      Debug   Object Name

       108          8          0          0          0       3588   exit_book.o
         0          0       6080         16          0        909   fonts.o
        70          4          0          0          4       2783   key_book.o
      1030         40          0          6          0      10403   lcd_book.o
      1128         32          0          4          4       7541   lcd_draw_book.o
       868        168          0        128          0       1544   lcd_pagehtml_book.o
       202         12          0          0          0       2411   led_book.o
       184         88          0          0          0       3124   main.o
       100         12          0          0          0       3156   misc.o
       114          0          0          0          0       2394   rcc_book.o
        36          8        304          0       1024        856   startup_stm32f10x_hd.o
        40          8          0          0          0       2810   stm32f10x_exti.o
        40          4          0          0          0       8108   stm32f10x_flash.o
       212         12          0          0          0       7686   stm32f10x_fsmc.o
       208          0          0          0          0       5835   stm32f10x_gpio.o
        16          0          0          0          0        923   stm32f10x_it.o
       444         32         20          0          0       8360   stm32f10x_rcc.o
       308          4          0          0          0       7758   stm32f10x_usart.o
       240         20          0          4          0       2558   system_stm32f10x.o
       168         24          0          0          8       4837   systick_book.o
       230         20          0          0          0       5859   usart_book.o

    ----------------------------------------------------------------------
      5764        496       6436        160       1044      93443   Object Totals
         0          0         32          0          0          0   (incl. Generated)
        18          0          0          2          4          0   (incl. Padding)

    ----------------------------------------------------------------------

      Code (inc. data)   RO Data    RW Data    ZI Data      Debug   Library Member Name

         0          0          0          0          0          0   entry.o
         0          0          0          0          0          0   entry10a.o
         0          0          0          0          0          0   entry11a.o
         8          4          0          0          0          0   entry2.o
         4          0          0          0          0          0   entry5.o
         0          0          0          0          0          0   entry7b.o
         0          0          0          0          0          0   entry8b.o
         8          4          0          0          0          0   entry9a.o
        30          0          0          0          0          0   handlers.o
        36          8          0          0          0         68   init.o
         0          0          0          0          0          0   iusefp.o
        30          0          0          0          0         68   llshl.o
        36          0          0          0          0         68   llsshr.o
        32          0          0          0          0         68   llushr.o
      2258         90          0          0          0        452   printfa.o
        12          6          0          0          0         68   putchar.o
        36          6          0          0          0         80   puts.o
         0          0          0          4          0          0   stdout.o
        44          0          0          0          0         80   uidiv.o
        98          0          0          0          0         92   uldiv.o
        48          0          0          0          0         68   cdrcmple.o
       334          0          0          0          0        148   dadd.o
       222          0          0          0          0        100   ddiv.o
       186          0          0          0          0        176   depilogue.o
        48          0          0          0          0         68   dfixul.o
       228          0          0          0          0         96   dmul.o

    ----------------------------------------------------------------------
      3704        118          0          4          0       1700   Library Totals
         6          0          0          0          0          0   (incl. Padding)

    ----------------------------------------------------------------------

      Code (inc. data)   RO Data    RW Data    ZI Data      Debug   Library Name

      2632        118          0          4          0       1044   mc_w.l
      1066          0          0          0          0        656   mf_w.l

    ----------------------------------------------------------------------
      3704        118          0          4          0       1700   Library Totals

    ----------------------------------------------------------------------

==============================================================================


      Code (inc. data)   RO Data    RW Data    ZI Data      Debug   

      9468        614       6436        164       1044      94123   Grand Totals
      9468        614       6436        164       1044      94123   ELF Image Totals
      9468        614       6436        164          0          0   ROM Totals

==============================================================================

    Total RO  Size (Code + RO Data)                15904 (  15.53kB)
    Total RW  Size (RW Data + ZI Data)              1208 (   1.18kB)
    Total ROM Size (Code + RO Data + RW Data)      16068 (  15.69kB)

==============================================================================

